// Jest Snapshot v1, https://jestjs.io/docs/snapshot-testing

exports[`Ziwei Hồi Quy & Snapshot Testing (60+ Ca) Xác thực đầu ra của 60+ cấu hình Tử Vi đại diện 1`] = `
[
  {
    "body": "Thiên Lương",
    "chineseDate": "Giáp Dần - Bính Tý - Đinh Mùi - Canh Tý",
    "date": "1975-01-01",
    "fiveElementsClass": "Thủy Nhị Cục",
    "gender": "Nam",
    "hour": 0,
    "palaces": [
      {
        "adjectiveStars": [
          "Bác Sỹ",
          "Chỉ Bối",
          "Phong Cáo",
          "Thiên Thọ",
          "Thiên Tài",
          "Thiên Vu",
          "Tuế Kiện",
        ],
        "earthlyBranch": "Dần",
        "heavenlyStem": "Bính",
        "index": 0,
        "isBodyPalace": false,
        "majorStars": [
          "Liêm Trinh(M):hoa_loc",
        ],
        "minorStars": [
          "Lộc Tồn(B)",
          "Tả Phù(B)",
        ],
        "name": "Phúc Đức",
      },
      {
        "adjectiveStars": [
          "Hàm Trì",
          "Hối Khí",
          "Lực Sỹ",
          "Thiên Không",
          "Ân Quang",
        ],
        "earthlyBranch": "Mão",
        "heavenlyStem": "Đinh",
        "index": 1,
        "isBodyPalace": false,
        "majorStars": [],
        "minorStars": [
          "Kình Dương(B)",
          "Linh Tinh(B)",
        ],
        "name": "Điền Trạch",
      },
      {
        "adjectiveStars": [
          "Nguyệt Sát",
          "Tang Môn",
          "Thanh Long",
          "Thiên Khốc",
        ],
        "earthlyBranch": "Thìn",
        "heavenlyStem": "Mậu",
        "index": 2,
        "isBodyPalace": false,
        "majorStars": [
          "Phá Quân(V):hoa_quyen",
        ],
        "minorStars": [
          "Văn Khúc(D)",
        ],
        "name": "Quan Lộc",
      },
      {
        "adjectiveStars": [
          "Cô Thần",
          "Quán Tác",
          "Thiên Thương",
          "Thiên Trù",
          "Tiểu Hao",
          "Vong Thần",
        ],
        "earthlyBranch": "Tỵ",
        "heavenlyStem": "Kỷ",
        "index": 3,
        "isBodyPalace": false,
        "majorStars": [
          "Thiên Đồng(M)",
        ],
        "minorStars": [],
        "name": "Nô Bộc",
      },
      {
        "adjectiveStars": [
          "Bát Tọa",
          "Giải Thần",
          "Long Trì",
          "Quan Phù",
          "Tướng Quân",
          "Tướng Tinh",
          "Âm Sát",
          "Đài Phụ",
        ],
        "earthlyBranch": "Ngọ",
        "heavenlyStem": "Canh",
        "index": 4,
        "isBodyPalace": false,
        "majorStars": [
          "Thiên Phủ(V)",
          "Vũ Khúc(V):hoa_khoa",
        ],
        "minorStars": [],
        "name": "Thiên Di",
      },
      {
        "adjectiveStars": [
          "Nguyệt Đức",
          "Phan Án",
          "Thiên Hình",
          "Thiên Hỷ",
          "Thiên Quan",
          "Thiên Sứ",
          "Tiểu Hao",
          "Tấu Thư",
        ],
        "earthlyBranch": "Mùi",
        "heavenlyStem": "Tân",
        "index": 5,
        "isBodyPalace": false,
        "majorStars": [
          "Thái Dương(D):hoa_ky",
          "Thái Âm(B)",
        ],
        "minorStars": [
          "Thiên Việt(B)",
        ],
        "name": "Tật Ách",
      },
      {
        "adjectiveStars": [
          "Niên Giải",
          "Phi Liêm",
          "Phụng Các",
          "Tam Thai",
          "Thiên Hư",
          "Triệt Lộ",
          "Tuế Dịch",
          "Đại Hao",
        ],
        "earthlyBranch": "Thân",
        "heavenlyStem": "Nhâm",
        "index": 6,
        "isBodyPalace": false,
        "majorStars": [
          "Tham Lang(B)",
        ],
        "minorStars": [
          "Thiên Mã(B)",
        ],
        "name": "Tài Bạch",
      },
      {
        "adjectiveStars": [
          "Hỷ Thần",
          "Không Vong",
          "Long Đức",
          "Phá Toái",
          "Thiên Phúc",
          "Thiên Quý",
          "Tức Thần",
        ],
        "earthlyBranch": "Dậu",
        "heavenlyStem": "Quý",
        "index": 7,
        "isBodyPalace": false,
        "majorStars": [
          "Cự Môn(M)",
          "Thiên Cơ(V)",
        ],
        "minorStars": [],
        "name": "Tử Nữ",
      },
      {
        "adjectiveStars": [
          "Bạch Hổ",
          "Bệnh Phù",
          "Hoa Cái",
          "Phi Liêm",
          "Thiên Nguyệt",
        ],
        "earthlyBranch": "Tuất",
        "heavenlyStem": "Giáp",
        "index": 8,
        "isBodyPalace": false,
        "majorStars": [
          "Thiên Tướng(D)",
          "Tử Vi(D)",
        ],
        "minorStars": [
          "Văn Xương(B)",
        ],
        "name": "Phu Thê",
      },
      {
        "adjectiveStars": [
          "Kiếp Sát",
          "Thiên Diêu",
          "Thiên Đức",
          "Đại Hao",
        ],
        "earthlyBranch": "Hợi",
        "heavenlyStem": "Ất",
        "index": 9,
        "isBodyPalace": false,
        "majorStars": [
          "Thiên Lương(B)",
        ],
        "minorStars": [
          "Địa Không(B)",
          "Địa Kiếp(B)",
        ],
        "name": "Huynh Đệ",
      },
      {
        "adjectiveStars": [
          "Phục Binh",
          "Tai Sát",
          "Tuần Không",
          "Điếu Khách",
        ],
        "earthlyBranch": "Tý",
        "heavenlyStem": "Bính",
        "index": 10,
        "isBodyPalace": true,
        "majorStars": [
          "Thất Sát(V)",
        ],
        "minorStars": [
          "Hữu Bật(B)",
        ],
        "name": "Mệnh",
      },
      {
        "adjectiveStars": [
          "Bệnh Phù",
          "Hồng Loan",
          "Quan Phủ",
          "Quả Tú",
          "Thiên Sát",
        ],
        "earthlyBranch": "Sửu",
        "heavenlyStem": "Đinh",
        "index": 11,
        "isBodyPalace": false,
        "majorStars": [],
        "minorStars": [
          "Hỏa Tinh(D)",
          "Thiên Khôi(B)",
          "Đà La(M)",
        ],
        "name": "Phụ Mẫu",
      },
    ],
    "sign": "Cung Ma Kết",
    "solarDate": "1975-01-01",
    "soul": "Tham Lang",
    "zodiac": "Hổ",
  },
  {
    "body": "Thiên Cơ",
    "chineseDate": "Đinh Tỵ - Quý Sửu - Ất Mùi - Mậu Dần",
    "date": "1978-02-02",
    "fiveElementsClass": "Kim Tứ Cục",
    "gender": "Nữ",
    "hour": 2,
    "palaces": [
      {
        "adjectiveStars": [
          "Bệnh Phù",
          "Kiếp Sát",
          "Thiên Nguyệt",
          "Thiên Quan",
          "Thiên Đức",
          "Triệt Lộ",
        ],
        "earthlyBranch": "Dần",
        "heavenlyStem": "Nhâm",
        "index": 0,
        "isBodyPalace": false,
        "majorStars": [
          "Cự Môn(M):hoa_ky",
          "Thái Dương(V)",
        ],
        "minorStars": [],
        "name": "Điền Trạch",
      },
      {
        "adjectiveStars": [
          "Không Vong",
          "Tai Sát",
          "Tam Thai",
          "Điếu Khách",
          "Đại Hao",
        ],
        "earthlyBranch": "Mão",
        "heavenlyStem": "Quý",
        "index": 1,
        "isBodyPalace": true,
        "majorStars": [
          "Thiên Tướng(B)",
        ],
        "minorStars": [
          "Tả Phù(B)",
        ],
        "name": "Quan Lộc",
      },
      {
        "adjectiveStars": [
          "Bệnh Phù",
          "Phong Cáo",
          "Phục Binh",
          "Quả Tú",
          "Thiên Hỷ",
          "Thiên Sát",
          "Thiên Thương",
          "Thiên Tài",
          "Âm Sát",
        ],
        "earthlyBranch": "Thìn",
        "heavenlyStem": "Giáp",
        "index": 2,
        "isBodyPalace": false,
        "majorStars": [
          "Thiên Cơ(B):hoa_khoa",
          "Thiên Lương(M)",
        ],
        "minorStars": [],
        "name": "Nô Bộc",
      },
      {
        "adjectiveStars": [
          "Chỉ Bối",
          "Niên Giải",
          "Phụng Các",
          "Quan Phủ",
          "Thiên Quý",
          "Thiên Trù",
          "Tuế Kiện",
        ],
        "earthlyBranch": "Tỵ",
        "heavenlyStem": "Ất",
        "index": 3,
        "isBodyPalace": false,
        "majorStars": [
          "Thất Sát(B)",
          "Tử Vi(V)",
        ],
        "minorStars": [
          "Hỏa Tinh(D)",
          "Đà La(B)",
        ],
        "name": "Thiên Di",
      },
      {
        "adjectiveStars": [
          "Bác Sỹ",
          "Giải Thần",
          "Hàm Trì",
          "Hối Khí",
          "Thiên Không",
          "Thiên Sứ",
        ],
        "earthlyBranch": "Ngọ",
        "heavenlyStem": "Bính",
        "index": 4,
        "isBodyPalace": false,
        "majorStars": [],
        "minorStars": [
          "Lộc Tồn(B)",
          "Văn Khúc(B)",
        ],
        "name": "Tật Ách",
      },
      {
        "adjectiveStars": [
          "Lực Sỹ",
          "Nguyệt Sát",
          "Phi Liêm",
          "Tang Môn",
          "Ân Quang",
        ],
        "earthlyBranch": "Mùi",
        "heavenlyStem": "Đinh",
        "index": 5,
        "isBodyPalace": false,
        "majorStars": [],
        "minorStars": [
          "Kình Dương(M)",
        ],
        "name": "Tài Bạch",
      },
      {
        "adjectiveStars": [
          "Cô Thần",
          "Quán Tác",
          "Thanh Long",
          "Thiên Hình",
          "Thiên Thọ",
          "Vong Thần",
          "Đài Phụ",
        ],
        "earthlyBranch": "Thân",
        "heavenlyStem": "Mậu",
        "index": 6,
        "isBodyPalace": false,
        "majorStars": [],
        "minorStars": [
          "Văn Xương(D)",
        ],
        "name": "Tử Nữ",
      },
      {
        "adjectiveStars": [
          "Long Trì",
          "Phá Toái",
          "Quan Phù",
          "Tiểu Hao",
          "Tướng Tinh",
        ],
        "earthlyBranch": "Dậu",
        "heavenlyStem": "Kỷ",
        "index": 7,
        "isBodyPalace": false,
        "majorStars": [
          "Liêm Trinh(B)",
          "Phá Quân(B)",
        ],
        "minorStars": [
          "Thiên Việt(B)",
          "Địa Không(B)",
        ],
        "name": "Phu Thê",
      },
      {
        "adjectiveStars": [
          "Hồng Loan",
          "Nguyệt Đức",
          "Phan Án",
          "Tiểu Hao",
          "Tướng Quân",
        ],
        "earthlyBranch": "Tuất",
        "heavenlyStem": "Canh",
        "index": 8,
        "isBodyPalace": false,
        "majorStars": [],
        "minorStars": [],
        "name": "Huynh Đệ",
      },
      {
        "adjectiveStars": [
          "Bát Tọa",
          "Thiên Hư",
          "Thiên Phúc",
          "Thiên Vu",
          "Tuế Dịch",
          "Tấu Thư",
          "Đại Hao",
        ],
        "earthlyBranch": "Hợi",
        "heavenlyStem": "Tân",
        "index": 9,
        "isBodyPalace": false,
        "majorStars": [
          "Thiên Phủ(D)",
        ],
        "minorStars": [
          "Hữu Bật(B)",
          "Thiên Khôi(B)",
          "Thiên Mã(B)",
        ],
        "name": "Mệnh",
      },
      {
        "adjectiveStars": [
          "Long Đức",
          "Phi Liêm",
          "Thiên Diêu",
          "Tức Thần",
        ],
        "earthlyBranch": "Tý",
        "heavenlyStem": "Nhâm",
        "index": 10,
        "isBodyPalace": false,
        "majorStars": [
          "Thiên Đồng(V):hoa_quyen",
          "Thái Âm(M):hoa_loc",
        ],
        "minorStars": [
          "Linh Tinh(B)",
        ],
        "name": "Phụ Mẫu",
      },
      {
        "adjectiveStars": [
          "Bạch Hổ",
          "Hoa Cái",
          "Hỷ Thần",
          "Thiên Khốc",
          "Tuần Không",
        ],
        "earthlyBranch": "Sửu",
        "heavenlyStem": "Quý",
        "index": 11,
        "isBodyPalace": false,
        "majorStars": [
          "Tham Lang(M)",
          "Vũ Khúc(M)",
        ],
        "minorStars": [
          "Địa Kiếp(B)",
        ],
        "name": "Phúc Đức",
      },
    ],
    "sign": "Cung Thủy Bình",
    "solarDate": "1978-02-02",
    "soul": "Cự Môn",
    "zodiac": "Rắn",
  },
  {
    "body": "Thiên Đồng",
    "chineseDate": "Tân Dậu - Canh Dần - Canh Thìn - Canh Thìn",
    "date": "1981-03-03",
    "fiveElementsClass": "Mộc Tam Cục",
    "gender": "Nam",
    "hour": 4,
    "palaces": [
      {
        "adjectiveStars": [
          "Hỷ Thần",
          "Kiếp Sát",
          "Nguyệt Đức",
          "Tiểu Hao",
          "Âm Sát",
        ],
        "earthlyBranch": "Dần",
        "heavenlyStem": "Canh",
        "index": 0,
        "isBodyPalace": false,
        "majorStars": [
          "Liêm Trinh(M)",
        ],
        "minorStars": [
          "Linh Tinh(M)",
          "Thiên Việt(B)",
        ],
        "name": "Quan Lộc",
      },
      {
        "adjectiveStars": [
          "Phi Liêm",
          "Tai Sát",
          "Thiên Hư",
          "Thiên Thương",
          "Thiên Thọ",
          "Đại Hao",
        ],
        "earthlyBranch": "Mão",
        "heavenlyStem": "Tân",
        "index": 1,
        "isBodyPalace": false,
        "majorStars": [],
        "minorStars": [
          "Địa Kiếp(B)",
        ],
        "name": "Nô Bộc",
      },
      {
        "adjectiveStars": [
          "Long Đức",
          "Thiên Sát",
          "Triệt Lộ",
          "Tấu Thư",
        ],
        "earthlyBranch": "Thìn",
        "heavenlyStem": "Nhâm",
        "index": 2,
        "isBodyPalace": false,
        "majorStars": [
          "Phá Quân(V)",
        ],
        "minorStars": [
          "Tả Phù(B)",
        ],
        "name": "Thiên Di",
      },
      {
        "adjectiveStars": [
          "Bạch Hổ",
          "Chỉ Bối",
          "Không Vong",
          "Phá Toái",
          "Thiên Phúc",
          "Thiên Sứ",
          "Thiên Vu",
          "Tướng Quân",
        ],
        "earthlyBranch": "Tỵ",
        "heavenlyStem": "Quý",
        "index": 3,
        "isBodyPalace": false,
        "majorStars": [
          "Thiên Đồng(M)",
        ],
        "minorStars": [],
        "name": "Tật Ách",
      },
      {
        "adjectiveStars": [
          "Hàm Trì",
          "Hồng Loan",
          "Phong Cáo",
          "Tam Thai",
          "Thiên Trù",
          "Thiên Đức",
          "Tiểu Hao",
        ],
        "earthlyBranch": "Ngọ",
        "heavenlyStem": "Giáp",
        "index": 4,
        "isBodyPalace": true,
        "majorStars": [
          "Thiên Phủ(V)",
          "Vũ Khúc(V)",
        ],
        "minorStars": [
          "Thiên Khôi(B)",
          "Văn Xương(B):hoa_ky",
        ],
        "name": "Tài Bạch",
      },
      {
        "adjectiveStars": [
          "Nguyệt Sát",
          "Quả Tú",
          "Thanh Long",
          "Thiên Tài",
          "Ân Quang",
          "Điếu Khách",
        ],
        "earthlyBranch": "Mùi",
        "heavenlyStem": "Ất",
        "index": 5,
        "isBodyPalace": false,
        "majorStars": [
          "Thái Dương(D):hoa_quyen",
          "Thái Âm(B)",
        ],
        "minorStars": [
          "Hỏa Tinh(B)",
          "Địa Không(B)",
        ],
        "name": "Tử Nữ",
      },
      {
        "adjectiveStars": [
          "Bát Tọa",
          "Bệnh Phù",
          "Giải Thần",
          "Lực Sỹ",
          "Vong Thần",
        ],
        "earthlyBranch": "Thân",
        "heavenlyStem": "Bính",
        "index": 6,
        "isBodyPalace": false,
        "majorStars": [
          "Tham Lang(B)",
        ],
        "minorStars": [
          "Văn Khúc(D):hoa_khoa",
          "Đà La(B)",
        ],
        "name": "Phu Thê",
      },
      {
        "adjectiveStars": [
          "Bác Sỹ",
          "Thiên Hình",
          "Thiên Khốc",
          "Thiên Quan",
          "Thiên Quý",
          "Tuế Kiện",
          "Tướng Tinh",
        ],
        "earthlyBranch": "Dậu",
        "heavenlyStem": "Đinh",
        "index": 7,
        "isBodyPalace": false,
        "majorStars": [
          "Cự Môn(M):hoa_loc",
          "Thiên Cơ(V)",
        ],
        "minorStars": [
          "Lộc Tồn(B)",
        ],
        "name": "Huynh Đệ",
      },
      {
        "adjectiveStars": [
          "Hối Khí",
          "Phan Án",
          "Quan Phủ",
          "Thiên Không",
          "Thiên Nguyệt",
          "Đài Phụ",
        ],
        "earthlyBranch": "Tuất",
        "heavenlyStem": "Mậu",
        "index": 8,
        "isBodyPalace": false,
        "majorStars": [
          "Thiên Tướng(D)",
          "Tử Vi(D)",
        ],
        "minorStars": [
          "Hữu Bật(B)",
          "Kình Dương(M)",
        ],
        "name": "Mệnh",
      },
      {
        "adjectiveStars": [
          "Cô Thần",
          "Phi Liêm",
          "Phục Binh",
          "Tang Môn",
          "Tuế Dịch",
        ],
        "earthlyBranch": "Hợi",
        "heavenlyStem": "Kỷ",
        "index": 9,
        "isBodyPalace": false,
        "majorStars": [
          "Thiên Lương(B)",
        ],
        "minorStars": [
          "Thiên Mã(B)",
        ],
        "name": "Phụ Mẫu",
      },
      {
        "adjectiveStars": [
          "Quán Tác",
          "Thiên Hỷ",
          "Tức Thần",
          "Đại Hao",
        ],
        "earthlyBranch": "Tý",
        "heavenlyStem": "Canh",
        "index": 10,
        "isBodyPalace": false,
        "majorStars": [
          "Thất Sát(V)",
        ],
        "minorStars": [],
        "name": "Phúc Đức",
      },
      {
        "adjectiveStars": [
          "Bệnh Phù",
          "Hoa Cái",
          "Long Trì",
          "Niên Giải",
          "Phụng Các",
          "Quan Phù",
          "Thiên Diêu",
          "Tuần Không",
        ],
        "earthlyBranch": "Sửu",
        "heavenlyStem": "Tân",
        "index": 11,
        "isBodyPalace": false,
        "majorStars": [],
        "minorStars": [],
        "name": "Điền Trạch",
      },
    ],
    "sign": "Cung Song Ngư",
    "solarDate": "1981-03-03",
    "soul": "Lộc Tồn",
    "zodiac": "Gà",
  },
  {
    "body": "Hỏa Tinh",
    "chineseDate": "Giáp Tý - Mậu Thìn - Mậu Thìn - Mậu Ngọ",
    "date": "1984-04-04",
    "fiveElementsClass": "Hỏa Lục Cục",
    "gender": "Nữ",
    "hour": 6,
    "palaces": [
      {
        "adjectiveStars": [
          "Bác Sỹ",
          "Cô Thần",
          "Tang Môn",
          "Thiên Vu",
          "Tuế Dịch",
        ],
        "earthlyBranch": "Dần",
        "heavenlyStem": "Bính",
        "index": 0,
        "isBodyPalace": false,
        "majorStars": [
          "Tham Lang(B)",
        ],
        "minorStars": [
          "Lộc Tồn(B)",
          "Thiên Mã(B)",
        ],
        "name": "Quan Lộc",
      },
      {
        "adjectiveStars": [
          "Hồng Loan",
          "Quan Phủ",
          "Quán Tác",
          "Thiên Diêu",
          "Thiên Thương",
          "Tức Thần",
        ],
        "earthlyBranch": "Mão",
        "heavenlyStem": "Đinh",
        "index": 1,
        "isBodyPalace": false,
        "majorStars": [
          "Cự Môn(M)",
          "Thiên Cơ(V)",
        ],
        "minorStars": [
          "Kình Dương(B)",
        ],
        "name": "Nô Bộc",
      },
      {
        "adjectiveStars": [
          "Hoa Cái",
          "Long Trì",
          "Phục Binh",
          "Quan Phù",
          "Thiên Nguyệt",
        ],
        "earthlyBranch": "Thìn",
        "heavenlyStem": "Mậu",
        "index": 2,
        "isBodyPalace": false,
        "majorStars": [
          "Thiên Tướng(D)",
          "Tử Vi(D)",
        ],
        "minorStars": [
          "Linh Tinh(B)",
          "Văn Xương(D)",
        ],
        "name": "Thiên Di",
      },
      {
        "adjectiveStars": [
          "Bát Tọa",
          "Kiếp Sát",
          "Nguyệt Đức",
          "Phá Toái",
          "Thiên Sứ",
          "Thiên Trù",
          "Tiểu Hao",
          "Đại Hao",
        ],
        "earthlyBranch": "Tỵ",
        "heavenlyStem": "Kỷ",
        "index": 3,
        "isBodyPalace": false,
        "majorStars": [
          "Thiên Lương(B)",
        ],
        "minorStars": [
          "Địa Không(B)",
          "Địa Kiếp(B)",
        ],
        "name": "Tật Ách",
      },
      {
        "adjectiveStars": [
          "Bệnh Phù",
          "Tai Sát",
          "Thiên Hư",
          "Thiên Khốc",
          "Ân Quang",
          "Đại Hao",
        ],
        "earthlyBranch": "Ngọ",
        "heavenlyStem": "Canh",
        "index": 4,
        "isBodyPalace": false,
        "majorStars": [
          "Thất Sát(V)",
        ],
        "minorStars": [
          "Tả Phù(B)",
        ],
        "name": "Tài Bạch",
      },
      {
        "adjectiveStars": [
          "Hỷ Thần",
          "Long Đức",
          "Thiên Quan",
          "Thiên Sát",
        ],
        "earthlyBranch": "Mùi",
        "heavenlyStem": "Tân",
        "index": 5,
        "isBodyPalace": false,
        "majorStars": [],
        "minorStars": [
          "Thiên Việt(B)",
        ],
        "name": "Tử Nữ",
      },
      {
        "adjectiveStars": [
          "Bạch Hổ",
          "Chỉ Bối",
          "Phi Liêm",
          "Phong Cáo",
          "Triệt Lộ",
        ],
        "earthlyBranch": "Thân",
        "heavenlyStem": "Nhâm",
        "index": 6,
        "isBodyPalace": false,
        "majorStars": [
          "Liêm Trinh(M):hoa_loc",
        ],
        "minorStars": [
          "Hỏa Tinh(B)",
          "Hữu Bật(B)",
        ],
        "name": "Phu Thê",
      },
      {
        "adjectiveStars": [
          "Hàm Trì",
          "Không Vong",
          "Tam Thai",
          "Thiên Hỷ",
          "Thiên Phúc",
          "Thiên Đức",
          "Tấu Thư",
        ],
        "earthlyBranch": "Dậu",
        "heavenlyStem": "Quý",
        "index": 7,
        "isBodyPalace": false,
        "majorStars": [],
        "minorStars": [],
        "name": "Huynh Đệ",
      },
      {
        "adjectiveStars": [
          "Giải Thần",
          "Nguyệt Sát",
          "Niên Giải",
          "Phụng Các",
          "Quả Tú",
          "Thiên Thọ",
          "Thiên Tài",
          "Tuần Không",
          "Tướng Quân",
          "Âm Sát",
          "Điếu Khách",
        ],
        "earthlyBranch": "Tuất",
        "heavenlyStem": "Giáp",
        "index": 8,
        "isBodyPalace": true,
        "majorStars": [
          "Phá Quân(V):hoa_quyen",
        ],
        "minorStars": [
          "Văn Khúc(B)",
        ],
        "name": "Mệnh",
      },
      {
        "adjectiveStars": [
          "Bệnh Phù",
          "Thiên Hình",
          "Tiểu Hao",
          "Vong Thần",
        ],
        "earthlyBranch": "Hợi",
        "heavenlyStem": "Ất",
        "index": 9,
        "isBodyPalace": false,
        "majorStars": [
          "Thiên Đồng(M)",
        ],
        "minorStars": [],
        "name": "Phụ Mẫu",
      },
      {
        "adjectiveStars": [
          "Thanh Long",
          "Thiên Quý",
          "Tuế Kiện",
          "Tướng Tinh",
          "Đài Phụ",
        ],
        "earthlyBranch": "Tý",
        "heavenlyStem": "Bính",
        "index": 10,
        "isBodyPalace": false,
        "majorStars": [
          "Thiên Phủ(M)",
          "Vũ Khúc(V):hoa_khoa",
        ],
        "minorStars": [],
        "name": "Phúc Đức",
      },
      {
        "adjectiveStars": [
          "Hối Khí",
          "Lực Sỹ",
          "Phan Án",
          "Thiên Không",
        ],
        "earthlyBranch": "Sửu",
        "heavenlyStem": "Đinh",
        "index": 11,
        "isBodyPalace": false,
        "majorStars": [
          "Thái Dương(B):hoa_ky",
          "Thái Âm(M)",
        ],
        "minorStars": [
          "Thiên Khôi(B)",
          "Đà La(M)",
        ],
        "name": "Điền Trạch",
      },
    ],
    "sign": "Cung Bạch Dương",
    "solarDate": "1984-04-04",
    "soul": "Lộc Tồn",
    "zodiac": "Chuột",
  },
  {
    "body": "Thiên Đồng",
    "chineseDate": "Đinh Mão - Ất Tỵ - Giáp Dần - Nhâm Thân",
    "date": "1987-05-05",
    "fiveElementsClass": "Thổ Ngũ Cục",
    "gender": "Nam",
    "hour": 8,
    "palaces": [
      {
        "adjectiveStars": [
          "Bệnh Phù",
          "Tam Thai",
          "Thiên Nguyệt",
          "Thiên Quan",
          "Thiên Thương",
          "Triệt Lộ",
          "Tướng Quân",
          "Vong Thần",
          "Đài Phụ",
        ],
        "earthlyBranch": "Dần",
        "heavenlyStem": "Nhâm",
        "index": 0,
        "isBodyPalace": false,
        "majorStars": [
          "Cự Môn(M):hoa_ky",
          "Thái Dương(V)",
        ],
        "minorStars": [
          "Văn Xương(B)",
        ],
        "name": "Nô Bộc",
      },
      {
        "adjectiveStars": [
          "Không Vong",
          "Thiên Khốc",
          "Tiểu Hao",
          "Tuế Kiện",
          "Tướng Tinh",
        ],
        "earthlyBranch": "Mão",
        "heavenlyStem": "Quý",
        "index": 1,
        "isBodyPalace": false,
        "majorStars": [
          "Thiên Tướng(B)",
        ],
        "minorStars": [
          "Địa Không(B)",
        ],
        "name": "Thiên Di",
      },
      {
        "adjectiveStars": [
          "Hối Khí",
          "Phan Án",
          "Thanh Long",
          "Thiên Diêu",
          "Thiên Không",
          "Thiên Sứ",
          "Thiên Thọ",
        ],
        "earthlyBranch": "Thìn",
        "heavenlyStem": "Giáp",
        "index": 2,
        "isBodyPalace": false,
        "majorStars": [
          "Thiên Cơ(B):hoa_khoa",
          "Thiên Lương(M)",
        ],
        "minorStars": [],
        "name": "Tật Ách",
      },
      {
        "adjectiveStars": [
          "Cô Thần",
          "Lực Sỹ",
          "Phi Liêm",
          "Phá Toái",
          "Tang Môn",
          "Thiên Trù",
          "Tuế Dịch",
        ],
        "earthlyBranch": "Tỵ",
        "heavenlyStem": "Ất",
        "index": 3,
        "isBodyPalace": false,
        "majorStars": [
          "Thất Sát(B)",
          "Tử Vi(V)",
        ],
        "minorStars": [
          "Hỏa Tinh(D)",
          "Thiên Mã(B)",
          "Đà La(B)",
        ],
        "name": "Tài Bạch",
      },
      {
        "adjectiveStars": [
          "Bác Sỹ",
          "Quán Tác",
          "Thiên Hỷ",
          "Thiên Quý",
          "Tức Thần",
        ],
        "earthlyBranch": "Ngọ",
        "heavenlyStem": "Bính",
        "index": 4,
        "isBodyPalace": false,
        "majorStars": [],
        "minorStars": [
          "Linh Tinh(M)",
          "Lộc Tồn(B)",
        ],
        "name": "Tử Nữ",
      },
      {
        "adjectiveStars": [
          "Hoa Cái",
          "Long Trì",
          "Niên Giải",
          "Phụng Các",
          "Quan Phù",
          "Quan Phủ",
        ],
        "earthlyBranch": "Mùi",
        "heavenlyStem": "Đinh",
        "index": 5,
        "isBodyPalace": false,
        "majorStars": [],
        "minorStars": [
          "Hữu Bật(B)",
          "Kình Dương(M)",
          "Tả Phù(B)",
          "Địa Kiếp(B)",
        ],
        "name": "Phu Thê",
      },
      {
        "adjectiveStars": [
          "Kiếp Sát",
          "Nguyệt Đức",
          "Phục Binh",
          "Tiểu Hao",
          "Âm Sát",
          "Ân Quang",
        ],
        "earthlyBranch": "Thân",
        "heavenlyStem": "Mậu",
        "index": 6,
        "isBodyPalace": false,
        "majorStars": [],
        "minorStars": [],
        "name": "Huynh Đệ",
      },
      {
        "adjectiveStars": [
          "Tai Sát",
          "Thiên Hư",
          "Đại Hao",
        ],
        "earthlyBranch": "Dậu",
        "heavenlyStem": "Kỷ",
        "index": 7,
        "isBodyPalace": false,
        "majorStars": [
          "Liêm Trinh(B)",
          "Phá Quân(B)",
        ],
        "minorStars": [
          "Thiên Việt(B)",
        ],
        "name": "Mệnh",
      },
      {
        "adjectiveStars": [
          "Bệnh Phù",
          "Giải Thần",
          "Long Đức",
          "Phong Cáo",
          "Thiên Sát",
        ],
        "earthlyBranch": "Tuất",
        "heavenlyStem": "Canh",
        "index": 8,
        "isBodyPalace": false,
        "majorStars": [],
        "minorStars": [],
        "name": "Phụ Mẫu",
      },
      {
        "adjectiveStars": [
          "Bạch Hổ",
          "Chỉ Bối",
          "Hỷ Thần",
          "Thiên Phúc",
          "Thiên Vu",
          "Tuần Không",
        ],
        "earthlyBranch": "Hợi",
        "heavenlyStem": "Tân",
        "index": 9,
        "isBodyPalace": false,
        "majorStars": [
          "Thiên Phủ(D)",
        ],
        "minorStars": [
          "Thiên Khôi(B)",
        ],
        "name": "Phúc Đức",
      },
      {
        "adjectiveStars": [
          "Bát Tọa",
          "Hàm Trì",
          "Hồng Loan",
          "Phi Liêm",
          "Thiên Hình",
          "Thiên Tài",
          "Thiên Đức",
        ],
        "earthlyBranch": "Tý",
        "heavenlyStem": "Nhâm",
        "index": 10,
        "isBodyPalace": false,
        "majorStars": [
          "Thiên Đồng(V):hoa_quyen",
          "Thái Âm(M):hoa_loc",
        ],
        "minorStars": [
          "Văn Khúc(D)",
        ],
        "name": "Điền Trạch",
      },
      {
        "adjectiveStars": [
          "Nguyệt Sát",
          "Quả Tú",
          "Tấu Thư",
          "Điếu Khách",
        ],
        "earthlyBranch": "Sửu",
        "heavenlyStem": "Quý",
        "index": 11,
        "isBodyPalace": true,
        "majorStars": [
          "Tham Lang(M)",
          "Vũ Khúc(M)",
        ],
        "minorStars": [],
        "name": "Quan Lộc",
      },
    ],
    "sign": "Cung Kim Ngưu",
    "solarDate": "1987-05-05",
    "soul": "Văn Khúc",
    "zodiac": "Mèo",
  },
  {
    "body": "Hỏa Tinh",
    "chineseDate": "Canh Ngọ - Nhâm Ngọ - Nhâm Dần - Canh Tuất",
    "date": "1990-06-06",
    "fiveElementsClass": "Thủy Nhị Cục",
    "gender": "Nữ",
    "hour": 10,
    "palaces": [
      {
        "adjectiveStars": [
          "Bạch Hổ",
          "Chỉ Bối",
          "Phi Liêm",
          "Thiên Quý",
          "Thiên Trù",
          "Thiên Tài",
        ],
        "earthlyBranch": "Dần",
        "heavenlyStem": "Mậu",
        "index": 0,
        "isBodyPalace": false,
        "majorStars": [
          "Thất Sát(M)",
        ],
        "minorStars": [
          "Văn Khúc(B)",
        ],
        "name": "Thiên Di",
      },
      {
        "adjectiveStars": [
          "Hàm Trì",
          "Thiên Hỷ",
          "Thiên Sứ",
          "Thiên Đức",
          "Tấu Thư",
        ],
        "earthlyBranch": "Mão",
        "heavenlyStem": "Kỷ",
        "index": 1,
        "isBodyPalace": false,
        "majorStars": [
          "Thiên Đồng(B):hoa_ky",
        ],
        "minorStars": [],
        "name": "Tật Ách",
      },
      {
        "adjectiveStars": [
          "Nguyệt Sát",
          "Niên Giải",
          "Phụng Các",
          "Quả Tú",
          "Tướng Quân",
          "Điếu Khách",
          "Đài Phụ",
        ],
        "earthlyBranch": "Thìn",
        "heavenlyStem": "Canh",
        "index": 2,
        "isBodyPalace": true,
        "majorStars": [
          "Vũ Khúc(M):hoa_quyen",
        ],
        "minorStars": [],
        "name": "Tài Bạch",
      },
      {
        "adjectiveStars": [
          "Bát Tọa",
          "Bệnh Phù",
          "Phá Toái",
          "Thiên Diêu",
          "Thiên Vu",
          "Tiểu Hao",
          "Vong Thần",
        ],
        "earthlyBranch": "Tỵ",
        "heavenlyStem": "Tân",
        "index": 3,
        "isBodyPalace": false,
        "majorStars": [
          "Thái Dương(V):hoa_loc",
        ],
        "minorStars": [],
        "name": "Tử Nữ",
      },
      {
        "adjectiveStars": [
          "Thanh Long",
          "Thiên Phúc",
          "Triệt Lộ",
          "Tuế Kiện",
          "Tướng Tinh",
          "Âm Sát",
        ],
        "earthlyBranch": "Ngọ",
        "heavenlyStem": "Nhâm",
        "index": 4,
        "isBodyPalace": false,
        "majorStars": [
          "Phá Quân(M)",
        ],
        "minorStars": [
          "Hữu Bật(B)",
        ],
        "name": "Phu Thê",
      },
      {
        "adjectiveStars": [
          "Hối Khí",
          "Không Vong",
          "Lực Sỹ",
          "Phan Án",
          "Thiên Không",
          "Thiên Nguyệt",
        ],
        "earthlyBranch": "Mùi",
        "heavenlyStem": "Quý",
        "index": 5,
        "isBodyPalace": false,
        "majorStars": [
          "Thiên Cơ(B)",
        ],
        "minorStars": [
          "Thiên Việt(B)",
          "Đà La(M)",
        ],
        "name": "Huynh Đệ",
      },
      {
        "adjectiveStars": [
          "Bác Sỹ",
          "Cô Thần",
          "Tang Môn",
          "Tuế Dịch",
        ],
        "earthlyBranch": "Thân",
        "heavenlyStem": "Giáp",
        "index": 6,
        "isBodyPalace": false,
        "majorStars": [
          "Thiên Phủ(D)",
          "Tử Vi(V)",
        ],
        "minorStars": [
          "Lộc Tồn(B)",
          "Thiên Mã(B)",
          "Tả Phù(B)",
        ],
        "name": "Mệnh",
      },
      {
        "adjectiveStars": [
          "Hồng Loan",
          "Quan Phủ",
          "Quán Tác",
          "Tam Thai",
          "Tức Thần",
        ],
        "earthlyBranch": "Dậu",
        "heavenlyStem": "Ất",
        "index": 7,
        "isBodyPalace": false,
        "majorStars": [
          "Thái Âm(B):hoa_khoa",
        ],
        "minorStars": [
          "Kình Dương(B)",
          "Địa Kiếp(B)",
        ],
        "name": "Phụ Mẫu",
      },
      {
        "adjectiveStars": [
          "Hoa Cái",
          "Long Trì",
          "Phục Binh",
          "Quan Phù",
          "Thiên Thọ",
          "Tuần Không",
        ],
        "earthlyBranch": "Tuất",
        "heavenlyStem": "Bính",
        "index": 8,
        "isBodyPalace": false,
        "majorStars": [
          "Tham Lang(M)",
        ],
        "minorStars": [],
        "name": "Phúc Đức",
      },
      {
        "adjectiveStars": [
          "Kiếp Sát",
          "Nguyệt Đức",
          "Thiên Quan",
          "Tiểu Hao",
          "Đại Hao",
        ],
        "earthlyBranch": "Hợi",
        "heavenlyStem": "Đinh",
        "index": 9,
        "isBodyPalace": false,
        "majorStars": [
          "Cự Môn(V)",
        ],
        "minorStars": [
          "Hỏa Tinh(B)",
        ],
        "name": "Điền Trạch",
      },
      {
        "adjectiveStars": [
          "Bệnh Phù",
          "Giải Thần",
          "Phong Cáo",
          "Tai Sát",
          "Thiên Hư",
          "Thiên Khốc",
          "Ân Quang",
          "Đại Hao",
        ],
        "earthlyBranch": "Tý",
        "heavenlyStem": "Mậu",
        "index": 10,
        "isBodyPalace": false,
        "majorStars": [
          "Liêm Trinh(B)",
          "Thiên Tướng(M)",
        ],
        "minorStars": [
          "Văn Xương(D)",
        ],
        "name": "Quan Lộc",
      },
      {
        "adjectiveStars": [
          "Hỷ Thần",
          "Long Đức",
          "Thiên Hình",
          "Thiên Sát",
          "Thiên Thương",
        ],
        "earthlyBranch": "Sửu",
        "heavenlyStem": "Kỷ",
        "index": 11,
        "isBodyPalace": false,
        "majorStars": [
          "Thiên Lương(V)",
        ],
        "minorStars": [
          "Linh Tinh(D)",
          "Thiên Khôi(B)",
          "Địa Không(B)",
        ],
        "name": "Nô Bộc",
      },
    ],
    "sign": "Cung Song Tử",
    "solarDate": "1990-06-06",
    "soul": "Liêm Trinh",
    "zodiac": "Ngựa",
  },
  {
    "body": "Thiên Đồng",
    "chineseDate": "Quý Dậu - Mậu Ngọ - Kỷ Sửu - Ất Sửu",
    "date": "1993-07-07",
    "fiveElementsClass": "Thổ Ngũ Cục",
    "gender": "Nam",
    "hour": 1,
    "palaces": [
      {
        "adjectiveStars": [
          "Kiếp Sát",
          "Nguyệt Đức",
          "Phục Binh",
          "Thiên Tài",
          "Tiểu Hao",
        ],
        "earthlyBranch": "Dần",
        "heavenlyStem": "Giáp",
        "index": 0,
        "isBodyPalace": false,
        "majorStars": [
          "Thiên Lương(M)",
          "Thiên Đồng(B)",
        ],
        "minorStars": [],
        "name": "Tử Nữ",
      },
      {
        "adjectiveStars": [
          "Phong Cáo",
          "Tai Sát",
          "Thiên Hư",
          "Đại Hao",
        ],
        "earthlyBranch": "Mão",
        "heavenlyStem": "Ất",
        "index": 1,
        "isBodyPalace": false,
        "majorStars": [
          "Thất Sát(V)",
          "Vũ Khúc(B)",
        ],
        "minorStars": [
          "Thiên Khôi(B)",
        ],
        "name": "Phu Thê",
      },
      {
        "adjectiveStars": [
          "Bệnh Phù",
          "Long Đức",
          "Thiên Sát",
          "Thiên Thọ",
        ],
        "earthlyBranch": "Thìn",
        "heavenlyStem": "Bính",
        "index": 2,
        "isBodyPalace": false,
        "majorStars": [
          "Thái Dương(V)",
        ],
        "minorStars": [
          "Hỏa Tinh(B)",
        ],
        "name": "Huynh Đệ",
      },
      {
        "adjectiveStars": [
          "Bạch Hổ",
          "Chỉ Bối",
          "Hỷ Thần",
          "Phá Toái",
          "Thiên Diêu",
          "Thiên Phúc",
          "Thiên Vu",
        ],
        "earthlyBranch": "Tỵ",
        "heavenlyStem": "Đinh",
        "index": 3,
        "isBodyPalace": false,
        "majorStars": [],
        "minorStars": [
          "Thiên Việt(B)",
          "Văn Khúc(M)",
        ],
        "name": "Mệnh",
      },
      {
        "adjectiveStars": [
          "Hàm Trì",
          "Hồng Loan",
          "Phi Liêm",
          "Thiên Quan",
          "Thiên Đức",
          "Âm Sát",
        ],
        "earthlyBranch": "Ngọ",
        "heavenlyStem": "Mậu",
        "index": 4,
        "isBodyPalace": false,
        "majorStars": [
          "Thiên Cơ(M)",
        ],
        "minorStars": [
          "Hữu Bật(B)",
        ],
        "name": "Phụ Mẫu",
      },
      {
        "adjectiveStars": [
          "Nguyệt Sát",
          "Quả Tú",
          "Thiên Nguyệt",
          "Tấu Thư",
          "Điếu Khách",
          "Đài Phụ",
        ],
        "earthlyBranch": "Mùi",
        "heavenlyStem": "Kỷ",
        "index": 5,
        "isBodyPalace": true,
        "majorStars": [
          "Phá Quân(V):hoa_loc",
          "Tử Vi(M)",
        ],
        "minorStars": [],
        "name": "Phúc Đức",
      },
      {
        "adjectiveStars": [
          "Bệnh Phù",
          "Tướng Quân",
          "Vong Thần",
        ],
        "earthlyBranch": "Thân",
        "heavenlyStem": "Canh",
        "index": 6,
        "isBodyPalace": false,
        "majorStars": [],
        "minorStars": [
          "Tả Phù(B)",
        ],
        "name": "Điền Trạch",
      },
      {
        "adjectiveStars": [
          "Thiên Khốc",
          "Thiên Quý",
          "Tiểu Hao",
          "Tuế Kiện",
          "Tướng Tinh",
        ],
        "earthlyBranch": "Dậu",
        "heavenlyStem": "Tân",
        "index": 7,
        "isBodyPalace": false,
        "majorStars": [
          "Thiên Phủ(V)",
        ],
        "minorStars": [
          "Văn Xương(M)",
        ],
        "name": "Quan Lộc",
      },
      {
        "adjectiveStars": [
          "Hối Khí",
          "Phan Án",
          "Thanh Long",
          "Thiên Không",
          "Thiên Thương",
        ],
        "earthlyBranch": "Tuất",
        "heavenlyStem": "Nhâm",
        "index": 8,
        "isBodyPalace": false,
        "majorStars": [
          "Thái Âm(V):hoa_khoa",
        ],
        "minorStars": [
          "Địa Không(B)",
        ],
        "name": "Nô Bộc",
      },
      {
        "adjectiveStars": [
          "Cô Thần",
          "Lực Sỹ",
          "Phi Liêm",
          "Tang Môn",
          "Thiên Trù",
          "Tuần Không",
          "Tuế Dịch",
        ],
        "earthlyBranch": "Hợi",
        "heavenlyStem": "Quý",
        "index": 9,
        "isBodyPalace": false,
        "majorStars": [
          "Liêm Trinh(B)",
          "Tham Lang(B):hoa_ky",
        ],
        "minorStars": [
          "Linh Tinh(B)",
          "Thiên Mã(B)",
          "Đà La(B)",
        ],
        "name": "Thiên Di",
      },
      {
        "adjectiveStars": [
          "Bác Sỹ",
          "Giải Thần",
          "Quán Tác",
          "Thiên Hỷ",
          "Thiên Sứ",
          "Triệt Lộ",
          "Tức Thần",
        ],
        "earthlyBranch": "Tý",
        "heavenlyStem": "Giáp",
        "index": 10,
        "isBodyPalace": false,
        "majorStars": [
          "Cự Môn(V):hoa_quyen",
        ],
        "minorStars": [
          "Lộc Tồn(B)",
          "Địa Kiếp(B)",
        ],
        "name": "Tật Ách",
      },
      {
        "adjectiveStars": [
          "Bát Tọa",
          "Hoa Cái",
          "Không Vong",
          "Long Trì",
          "Niên Giải",
          "Phụng Các",
          "Quan Phù",
          "Quan Phủ",
          "Tam Thai",
          "Thiên Hình",
          "Ân Quang",
        ],
        "earthlyBranch": "Sửu",
        "heavenlyStem": "Ất",
        "index": 11,
        "isBodyPalace": false,
        "majorStars": [
          "Thiên Tướng(M)",
        ],
        "minorStars": [
          "Kình Dương(M)",
        ],
        "name": "Tài Bạch",
      },
    ],
    "sign": "Cung Cự Giải",
    "solarDate": "1993-07-07",
    "soul": "Vũ Khúc",
    "zodiac": "Gà",
  },
  {
    "body": "Hỏa Tinh",
    "chineseDate": "Bính Tý - Ất Mùi - Đinh Sửu - Quý Mão",
    "date": "1996-08-08",
    "fiveElementsClass": "Thủy Nhị Cục",
    "gender": "Nữ",
    "hour": 3,
    "palaces": [
      {
        "adjectiveStars": [
          "Cô Thần",
          "Tang Môn",
          "Thiên Hình",
          "Tiểu Hao",
          "Tuế Dịch",
        ],
        "earthlyBranch": "Dần",
        "heavenlyStem": "Canh",
        "index": 0,
        "isBodyPalace": false,
        "majorStars": [],
        "minorStars": [
          "Thiên Mã(B)",
          "Địa Kiếp(B)",
        ],
        "name": "Phu Thê",
      },
      {
        "adjectiveStars": [
          "Hồng Loan",
          "Quán Tác",
          "Thanh Long",
          "Thiên Nguyệt",
          "Tức Thần",
        ],
        "earthlyBranch": "Mão",
        "heavenlyStem": "Tân",
        "index": 1,
        "isBodyPalace": false,
        "majorStars": [
          "Thiên Phủ(D)",
        ],
        "minorStars": [],
        "name": "Huynh Đệ",
      },
      {
        "adjectiveStars": [
          "Hoa Cái",
          "Long Trì",
          "Lực Sỹ",
          "Quan Phù",
          "Thiên Tài",
          "Triệt Lộ",
          "Âm Sát",
        ],
        "earthlyBranch": "Thìn",
        "heavenlyStem": "Nhâm",
        "index": 2,
        "isBodyPalace": false,
        "majorStars": [
          "Thái Âm(B)",
        ],
        "minorStars": [
          "Đà La(M)",
        ],
        "name": "Mệnh",
      },
      {
        "adjectiveStars": [
          "Bác Sỹ",
          "Không Vong",
          "Kiếp Sát",
          "Nguyệt Đức",
          "Phong Cáo",
          "Phá Toái",
          "Thiên Quan",
          "Thiên Quý",
          "Tiểu Hao",
          "Ân Quang",
        ],
        "earthlyBranch": "Tỵ",
        "heavenlyStem": "Quý",
        "index": 3,
        "isBodyPalace": false,
        "majorStars": [
          "Liêm Trinh(B):hoa_ky",
          "Tham Lang(B)",
        ],
        "minorStars": [
          "Hỏa Tinh(D)",
          "Hữu Bật(B)",
          "Lộc Tồn(B)",
        ],
        "name": "Phụ Mẫu",
      },
      {
        "adjectiveStars": [
          "Bát Tọa",
          "Quan Phủ",
          "Tai Sát",
          "Thiên Diêu",
          "Thiên Hư",
          "Thiên Khốc",
          "Đại Hao",
        ],
        "earthlyBranch": "Ngọ",
        "heavenlyStem": "Giáp",
        "index": 4,
        "isBodyPalace": false,
        "majorStars": [
          "Cự Môn(V)",
        ],
        "minorStars": [
          "Kình Dương(B)",
        ],
        "name": "Phúc Đức",
      },
      {
        "adjectiveStars": [
          "Long Đức",
          "Phục Binh",
          "Thiên Sát",
        ],
        "earthlyBranch": "Mùi",
        "heavenlyStem": "Ất",
        "index": 5,
        "isBodyPalace": false,
        "majorStars": [
          "Thiên Tướng(D)",
        ],
        "minorStars": [
          "Văn Khúc(V)",
          "Văn Xương(B):hoa_khoa",
        ],
        "name": "Điền Trạch",
      },
      {
        "adjectiveStars": [
          "Bạch Hổ",
          "Chỉ Bối",
          "Phi Liêm",
          "Tam Thai",
          "Thiên Vu",
          "Tuần Không",
          "Đại Hao",
        ],
        "earthlyBranch": "Thân",
        "heavenlyStem": "Bính",
        "index": 6,
        "isBodyPalace": false,
        "majorStars": [
          "Thiên Lương(B)",
          "Thiên Đồng(V):hoa_loc",
        ],
        "minorStars": [
          "Địa Không(B)",
        ],
        "name": "Quan Lộc",
      },
      {
        "adjectiveStars": [
          "Bệnh Phù",
          "Hàm Trì",
          "Thiên Hỷ",
          "Thiên Thương",
          "Thiên Đức",
          "Đài Phụ",
        ],
        "earthlyBranch": "Dậu",
        "heavenlyStem": "Đinh",
        "index": 7,
        "isBodyPalace": false,
        "majorStars": [
          "Thất Sát(M)",
          "Vũ Khúc(B)",
        ],
        "minorStars": [
          "Thiên Việt(B)",
          "Tả Phù(B)",
        ],
        "name": "Nô Bộc",
      },
      {
        "adjectiveStars": [
          "Hỷ Thần",
          "Nguyệt Sát",
          "Niên Giải",
          "Phụng Các",
          "Quả Tú",
          "Thiên Thọ",
          "Điếu Khách",
        ],
        "earthlyBranch": "Tuất",
        "heavenlyStem": "Mậu",
        "index": 8,
        "isBodyPalace": true,
        "majorStars": [
          "Thái Dương(B)",
        ],
        "minorStars": [],
        "name": "Thiên Di",
      },
      {
        "adjectiveStars": [
          "Bệnh Phù",
          "Phi Liêm",
          "Thiên Sứ",
          "Vong Thần",
        ],
        "earthlyBranch": "Hợi",
        "heavenlyStem": "Kỷ",
        "index": 9,
        "isBodyPalace": false,
        "majorStars": [],
        "minorStars": [
          "Thiên Khôi(B)",
        ],
        "name": "Tật Ách",
      },
      {
        "adjectiveStars": [
          "Giải Thần",
          "Thiên Phúc",
          "Thiên Trù",
          "Tuế Kiện",
          "Tướng Tinh",
          "Tấu Thư",
        ],
        "earthlyBranch": "Tý",
        "heavenlyStem": "Canh",
        "index": 10,
        "isBodyPalace": false,
        "majorStars": [
          "Thiên Cơ(M):hoa_quyen",
        ],
        "minorStars": [],
        "name": "Tài Bạch",
      },
      {
        "adjectiveStars": [
          "Hối Khí",
          "Phan Án",
          "Thiên Không",
          "Tướng Quân",
        ],
        "earthlyBranch": "Sửu",
        "heavenlyStem": "Tân",
        "index": 11,
        "isBodyPalace": false,
        "majorStars": [
          "Phá Quân(V)",
          "Tử Vi(M)",
        ],
        "minorStars": [
          "Linh Tinh(D)",
        ],
        "name": "Tử Nữ",
      },
    ],
    "sign": "Cung Sư Tử",
    "solarDate": "1996-08-08",
    "soul": "Liêm Trinh",
    "zodiac": "Chuột",
  },
  {
    "body": "Thiên Đồng",
    "chineseDate": "Kỷ Mão - Nhâm Thân - Giáp Tý - Kỷ Tỵ",
    "date": "1999-09-09",
    "fiveElementsClass": "Hỏa Lục Cục",
    "gender": "Nam",
    "hour": 5,
    "palaces": [
      {
        "adjectiveStars": [
          "Bệnh Phù",
          "Giải Thần",
          "Thiên Phúc",
          "Thiên Vu",
          "Tướng Quân",
          "Vong Thần",
          "Âm Sát",
        ],
        "earthlyBranch": "Dần",
        "heavenlyStem": "Bính",
        "index": 0,
        "isBodyPalace": false,
        "majorStars": [
          "Thiên Tướng(M)",
          "Vũ Khúc(D):hoa_loc",
        ],
        "minorStars": [
          "Hỏa Tinh(M)",
        ],
        "name": "Huynh Đệ",
      },
      {
        "adjectiveStars": [
          "Tam Thai",
          "Thiên Hình",
          "Thiên Khốc",
          "Tiểu Hao",
          "Tuế Kiện",
          "Tướng Tinh",
        ],
        "earthlyBranch": "Mão",
        "heavenlyStem": "Đinh",
        "index": 1,
        "isBodyPalace": false,
        "majorStars": [
          "Thiên Lương(M):hoa_khoa",
          "Thái Dương(M)",
        ],
        "minorStars": [
          "Linh Tinh(B)",
        ],
        "name": "Mệnh",
      },
      {
        "adjectiveStars": [
          "Hối Khí",
          "Phan Án",
          "Thanh Long",
          "Thiên Không",
          "Thiên Thọ",
        ],
        "earthlyBranch": "Thìn",
        "heavenlyStem": "Mậu",
        "index": 2,
        "isBodyPalace": false,
        "majorStars": [
          "Thất Sát(M)",
        ],
        "minorStars": [
          "Hữu Bật(B)",
          "Địa Kiếp(B)",
        ],
        "name": "Phụ Mẫu",
      },
      {
        "adjectiveStars": [
          "Cô Thần",
          "Lực Sỹ",
          "Phi Liêm",
          "Phá Toái",
          "Tang Môn",
          "Tuế Dịch",
        ],
        "earthlyBranch": "Tỵ",
        "heavenlyStem": "Kỷ",
        "index": 3,
        "isBodyPalace": false,
        "majorStars": [
          "Thiên Cơ(B)",
        ],
        "minorStars": [
          "Thiên Mã(B)",
          "Văn Xương(M)",
          "Đà La(B)",
        ],
        "name": "Phúc Đức",
      },
      {
        "adjectiveStars": [
          "Bác Sỹ",
          "Quán Tác",
          "Thiên Hỷ",
          "Thiên Tài",
          "Tức Thần",
        ],
        "earthlyBranch": "Ngọ",
        "heavenlyStem": "Canh",
        "index": 4,
        "isBodyPalace": false,
        "majorStars": [
          "Tử Vi(M)",
        ],
        "minorStars": [
          "Lộc Tồn(B)",
          "Địa Không(B)",
        ],
        "name": "Điền Trạch",
      },
      {
        "adjectiveStars": [
          "Hoa Cái",
          "Long Trì",
          "Niên Giải",
          "Phong Cáo",
          "Phụng Các",
          "Quan Phù",
          "Quan Phủ",
          "Thiên Diêu",
        ],
        "earthlyBranch": "Mùi",
        "heavenlyStem": "Tân",
        "index": 5,
        "isBodyPalace": false,
        "majorStars": [],
        "minorStars": [
          "Kình Dương(M)",
        ],
        "name": "Quan Lộc",
      },
      {
        "adjectiveStars": [
          "Kiếp Sát",
          "Nguyệt Đức",
          "Phục Binh",
          "Thiên Thương",
          "Thiên Trù",
          "Tiểu Hao",
          "Triệt Lộ",
        ],
        "earthlyBranch": "Thân",
        "heavenlyStem": "Nhâm",
        "index": 6,
        "isBodyPalace": false,
        "majorStars": [
          "Phá Quân(D)",
        ],
        "minorStars": [
          "Thiên Việt(B)",
        ],
        "name": "Nô Bộc",
      },
      {
        "adjectiveStars": [
          "Không Vong",
          "Tai Sát",
          "Thiên Hư",
          "Thiên Quan",
          "Tuần Không",
          "Ân Quang",
          "Đại Hao",
        ],
        "earthlyBranch": "Dậu",
        "heavenlyStem": "Quý",
        "index": 7,
        "isBodyPalace": false,
        "majorStars": [],
        "minorStars": [
          "Văn Khúc(M):hoa_ky",
        ],
        "name": "Thiên Di",
      },
      {
        "adjectiveStars": [
          "Bệnh Phù",
          "Long Đức",
          "Thiên Sát",
          "Thiên Sứ",
        ],
        "earthlyBranch": "Tuất",
        "heavenlyStem": "Giáp",
        "index": 8,
        "isBodyPalace": false,
        "majorStars": [
          "Liêm Trinh(B)",
          "Thiên Phủ(M)",
        ],
        "minorStars": [
          "Tả Phù(B)",
        ],
        "name": "Tật Ách",
      },
      {
        "adjectiveStars": [
          "Bát Tọa",
          "Bạch Hổ",
          "Chỉ Bối",
          "Hỷ Thần",
          "Thiên Nguyệt",
          "Đài Phụ",
        ],
        "earthlyBranch": "Hợi",
        "heavenlyStem": "Ất",
        "index": 9,
        "isBodyPalace": false,
        "majorStars": [
          "Thái Âm(M)",
        ],
        "minorStars": [],
        "name": "Tài Bạch",
      },
      {
        "adjectiveStars": [
          "Hàm Trì",
          "Hồng Loan",
          "Phi Liêm",
          "Thiên Đức",
        ],
        "earthlyBranch": "Tý",
        "heavenlyStem": "Bính",
        "index": 10,
        "isBodyPalace": false,
        "majorStars": [
          "Tham Lang(V):hoa_quyen",
        ],
        "minorStars": [
          "Thiên Khôi(B)",
        ],
        "name": "Tử Nữ",
      },
      {
        "adjectiveStars": [
          "Nguyệt Sát",
          "Quả Tú",
          "Thiên Quý",
          "Tấu Thư",
          "Điếu Khách",
        ],
        "earthlyBranch": "Sửu",
        "heavenlyStem": "Đinh",
        "index": 11,
        "isBodyPalace": true,
        "majorStars": [
          "Cự Môn(B)",
          "Thiên Đồng(B)",
        ],
        "minorStars": [],
        "name": "Phu Thê",
      },
    ],
    "sign": "Cung Xử Nữ",
    "solarDate": "1999-09-09",
    "soul": "Văn Khúc",
    "zodiac": "Mèo",
  },
  {
    "body": "Hỏa Tinh",
    "chineseDate": "Nhâm Ngọ - Canh Tuất - Tân Hợi - Ất Mùi",
    "date": "2002-10-10",
    "fiveElementsClass": "Kim Tứ Cục",
    "gender": "Nữ",
    "hour": 7,
    "palaces": [
      {
        "adjectiveStars": [
          "Bạch Hổ",
          "Chỉ Bối",
          "Phi Liêm",
          "Thiên Nguyệt",
          "Thiên Quý",
          "Triệt Lộ",
          "Đại Hao",
        ],
        "earthlyBranch": "Dần",
        "heavenlyStem": "Nhâm",
        "index": 0,
        "isBodyPalace": false,
        "majorStars": [
          "Phá Quân(D)",
        ],
        "minorStars": [
          "Hữu Bật(B)",
        ],
        "name": "Huynh Đệ",
      },
      {
        "adjectiveStars": [
          "Bệnh Phù",
          "Hàm Trì",
          "Không Vong",
          "Thiên Hỷ",
          "Thiên Đức",
        ],
        "earthlyBranch": "Mão",
        "heavenlyStem": "Quý",
        "index": 1,
        "isBodyPalace": false,
        "majorStars": [],
        "minorStars": [
          "Thiên Khôi(B)",
          "Văn Xương(B)",
        ],
        "name": "Mệnh",
      },
      {
        "adjectiveStars": [
          "Giải Thần",
          "Hỷ Thần",
          "Nguyệt Sát",
          "Niên Giải",
          "Phụng Các",
          "Quả Tú",
          "Tam Thai",
          "Điếu Khách",
        ],
        "earthlyBranch": "Thìn",
        "heavenlyStem": "Giáp",
        "index": 2,
        "isBodyPalace": false,
        "majorStars": [
          "Liêm Trinh(B)",
          "Thiên Phủ(M)",
        ],
        "minorStars": [
          "Địa Không(B)",
        ],
        "name": "Phụ Mẫu",
      },
      {
        "adjectiveStars": [
          "Bệnh Phù",
          "Phi Liêm",
          "Phá Toái",
          "Thiên Hình",
          "Thiên Vu",
          "Vong Thần",
        ],
        "earthlyBranch": "Tỵ",
        "heavenlyStem": "Ất",
        "index": 3,
        "isBodyPalace": true,
        "majorStars": [
          "Thái Âm(B)",
        ],
        "minorStars": [
          "Thiên Việt(B)",
        ],
        "name": "Phúc Đức",
      },
      {
        "adjectiveStars": [
          "Thiên Phúc",
          "Tuế Kiện",
          "Tướng Tinh",
          "Tấu Thư",
          "Ân Quang",
        ],
        "earthlyBranch": "Ngọ",
        "heavenlyStem": "Bính",
        "index": 4,
        "isBodyPalace": false,
        "majorStars": [
          "Tham Lang(V)",
        ],
        "minorStars": [
          "Địa Kiếp(B)",
        ],
        "name": "Điền Trạch",
      },
      {
        "adjectiveStars": [
          "Hối Khí",
          "Phan Án",
          "Thiên Không",
          "Tướng Quân",
        ],
        "earthlyBranch": "Mùi",
        "heavenlyStem": "Đinh",
        "index": 5,
        "isBodyPalace": false,
        "majorStars": [
          "Cự Môn(B)",
          "Thiên Đồng(B)",
        ],
        "minorStars": [],
        "name": "Quan Lộc",
      },
      {
        "adjectiveStars": [
          "Cô Thần",
          "Tang Môn",
          "Thiên Thương",
          "Tiểu Hao",
          "Tuần Không",
          "Tuế Dịch",
        ],
        "earthlyBranch": "Thân",
        "heavenlyStem": "Mậu",
        "index": 6,
        "isBodyPalace": false,
        "majorStars": [
          "Thiên Tướng(M)",
          "Vũ Khúc(D):hoa_ky",
        ],
        "minorStars": [
          "Hỏa Tinh(B)",
          "Thiên Mã(B)",
        ],
        "name": "Nô Bộc",
      },
      {
        "adjectiveStars": [
          "Hồng Loan",
          "Phong Cáo",
          "Quán Tác",
          "Thanh Long",
          "Thiên Diêu",
          "Thiên Trù",
          "Thiên Tài",
          "Tức Thần",
        ],
        "earthlyBranch": "Dậu",
        "heavenlyStem": "Kỷ",
        "index": 7,
        "isBodyPalace": false,
        "majorStars": [
          "Thiên Lương(D):hoa_loc",
          "Thái Dương(B)",
        ],
        "minorStars": [],
        "name": "Thiên Di",
      },
      {
        "adjectiveStars": [
          "Bát Tọa",
          "Hoa Cái",
          "Long Trì",
          "Lực Sỹ",
          "Quan Phù",
          "Thiên Quan",
          "Thiên Sứ",
          "Âm Sát",
        ],
        "earthlyBranch": "Tuất",
        "heavenlyStem": "Canh",
        "index": 8,
        "isBodyPalace": false,
        "majorStars": [
          "Thất Sát(M)",
        ],
        "minorStars": [
          "Linh Tinh(M)",
          "Đà La(M)",
        ],
        "name": "Tật Ách",
      },
      {
        "adjectiveStars": [
          "Bác Sỹ",
          "Kiếp Sát",
          "Nguyệt Đức",
          "Thiên Thọ",
          "Tiểu Hao",
        ],
        "earthlyBranch": "Hợi",
        "heavenlyStem": "Tân",
        "index": 9,
        "isBodyPalace": false,
        "majorStars": [
          "Thiên Cơ(B)",
        ],
        "minorStars": [
          "Lộc Tồn(B)",
          "Văn Khúc(V)",
        ],
        "name": "Tài Bạch",
      },
      {
        "adjectiveStars": [
          "Quan Phủ",
          "Tai Sát",
          "Thiên Hư",
          "Thiên Khốc",
          "Đại Hao",
        ],
        "earthlyBranch": "Tý",
        "heavenlyStem": "Nhâm",
        "index": 10,
        "isBodyPalace": false,
        "majorStars": [
          "Tử Vi(B):hoa_quyen",
        ],
        "minorStars": [
          "Kình Dương(B)",
          "Tả Phù(B):hoa_khoa",
        ],
        "name": "Tử Nữ",
      },
      {
        "adjectiveStars": [
          "Long Đức",
          "Phục Binh",
          "Thiên Sát",
          "Đài Phụ",
        ],
        "earthlyBranch": "Sửu",
        "heavenlyStem": "Quý",
        "index": 11,
        "isBodyPalace": false,
        "majorStars": [],
        "minorStars": [],
        "name": "Phu Thê",
      },
    ],
    "sign": "Cung Thiên Bình",
    "solarDate": "2002-10-10",
    "soul": "Văn Khúc",
    "zodiac": "Ngựa",
  },
  {
    "body": "Thiên Đồng",
    "chineseDate": "Ất Dậu - Đinh Hợi - Kỷ Hợi - Quý Dậu",
    "date": "2005-11-11",
    "fiveElementsClass": "Thổ Ngũ Cục",
    "gender": "Nam",
    "hour": 9,
    "palaces": [
      {
        "adjectiveStars": [
          "Kiếp Sát",
          "Lực Sỹ",
          "Nguyệt Đức",
          "Tiểu Hao",
        ],
        "earthlyBranch": "Dần",
        "heavenlyStem": "Mậu",
        "index": 0,
        "isBodyPalace": false,
        "majorStars": [
          "Thiên Cơ(D):hoa_loc",
          "Thái Âm(V):hoa_ky",
        ],
        "minorStars": [
          "Đà La(B)",
          "Địa Không(B)",
        ],
        "name": "Mệnh",
      },
      {
        "adjectiveStars": [
          "Bác Sỹ",
          "Tai Sát",
          "Thiên Hư",
          "Đài Phụ",
          "Đại Hao",
        ],
        "earthlyBranch": "Mão",
        "heavenlyStem": "Kỷ",
        "index": 1,
        "isBodyPalace": false,
        "majorStars": [
          "Tham Lang(B)",
          "Tử Vi(V):hoa_khoa",
        ],
        "minorStars": [
          "Lộc Tồn(B)",
        ],
        "name": "Phụ Mẫu",
      },
      {
        "adjectiveStars": [
          "Bát Tọa",
          "Giải Thần",
          "Long Đức",
          "Quan Phủ",
          "Thiên Quan",
          "Thiên Sát",
        ],
        "earthlyBranch": "Thìn",
        "heavenlyStem": "Canh",
        "index": 2,
        "isBodyPalace": false,
        "majorStars": [
          "Cự Môn(B)",
        ],
        "minorStars": [
          "Kình Dương(M)",
        ],
        "name": "Phúc Đức",
      },
      {
        "adjectiveStars": [
          "Bạch Hổ",
          "Chỉ Bối",
          "Phá Toái",
          "Phục Binh",
          "Thiên Thọ",
        ],
        "earthlyBranch": "Tỵ",
        "heavenlyStem": "Tân",
        "index": 3,
        "isBodyPalace": false,
        "majorStars": [
          "Thiên Tướng(D)",
        ],
        "minorStars": [],
        "name": "Điền Trạch",
      },
      {
        "adjectiveStars": [
          "Hàm Trì",
          "Hồng Loan",
          "Thiên Hình",
          "Thiên Nguyệt",
          "Thiên Trù",
          "Thiên Đức",
          "Triệt Lộ",
          "Đại Hao",
        ],
        "earthlyBranch": "Ngọ",
        "heavenlyStem": "Nhâm",
        "index": 4,
        "isBodyPalace": false,
        "majorStars": [
          "Thiên Lương(M):hoa_quyen",
        ],
        "minorStars": [],
        "name": "Quan Lộc",
      },
      {
        "adjectiveStars": [
          "Bệnh Phù",
          "Không Vong",
          "Nguyệt Sát",
          "Quả Tú",
          "Thiên Thương",
          "Tuần Không",
          "Điếu Khách",
        ],
        "earthlyBranch": "Mùi",
        "heavenlyStem": "Quý",
        "index": 5,
        "isBodyPalace": false,
        "majorStars": [
          "Liêm Trinh(B)",
          "Thất Sát(M)",
        ],
        "minorStars": [
          "Linh Tinh(B)",
        ],
        "name": "Nô Bộc",
      },
      {
        "adjectiveStars": [
          "Bệnh Phù",
          "Hỷ Thần",
          "Thiên Phúc",
          "Thiên Vu",
          "Vong Thần",
          "Âm Sát",
        ],
        "earthlyBranch": "Thân",
        "heavenlyStem": "Giáp",
        "index": 6,
        "isBodyPalace": true,
        "majorStars": [],
        "minorStars": [
          "Thiên Việt(B)",
          "Địa Kiếp(B)",
        ],
        "name": "Thiên Di",
      },
      {
        "adjectiveStars": [
          "Phi Liêm",
          "Thiên Khốc",
          "Thiên Quý",
          "Thiên Sứ",
          "Tuế Kiện",
          "Tướng Tinh",
          "Ân Quang",
        ],
        "earthlyBranch": "Dậu",
        "heavenlyStem": "Ất",
        "index": 7,
        "isBodyPalace": false,
        "majorStars": [],
        "minorStars": [],
        "name": "Tật Ách",
      },
      {
        "adjectiveStars": [
          "Hối Khí",
          "Phan Án",
          "Tam Thai",
          "Thiên Diêu",
          "Thiên Không",
          "Tấu Thư",
        ],
        "earthlyBranch": "Tuất",
        "heavenlyStem": "Bính",
        "index": 8,
        "isBodyPalace": false,
        "majorStars": [
          "Thiên Đồng(B)",
        ],
        "minorStars": [],
        "name": "Tài Bạch",
      },
      {
        "adjectiveStars": [
          "Cô Thần",
          "Phi Liêm",
          "Phong Cáo",
          "Tang Môn",
          "Thiên Tài",
          "Tuế Dịch",
          "Tướng Quân",
        ],
        "earthlyBranch": "Hợi",
        "heavenlyStem": "Đinh",
        "index": 9,
        "isBodyPalace": false,
        "majorStars": [
          "Phá Quân(B)",
          "Vũ Khúc(B)",
        ],
        "minorStars": [
          "Thiên Mã(B)",
        ],
        "name": "Tử Nữ",
      },
      {
        "adjectiveStars": [
          "Quán Tác",
          "Thiên Hỷ",
          "Tiểu Hao",
          "Tức Thần",
        ],
        "earthlyBranch": "Tý",
        "heavenlyStem": "Mậu",
        "index": 10,
        "isBodyPalace": false,
        "majorStars": [
          "Thái Dương(B)",
        ],
        "minorStars": [
          "Hỏa Tinh(B)",
          "Thiên Khôi(B)",
        ],
        "name": "Phu Thê",
      },
      {
        "adjectiveStars": [
          "Hoa Cái",
          "Long Trì",
          "Niên Giải",
          "Phụng Các",
          "Quan Phù",
          "Thanh Long",
        ],
        "earthlyBranch": "Sửu",
        "heavenlyStem": "Kỷ",
        "index": 11,
        "isBodyPalace": false,
        "majorStars": [
          "Thiên Phủ(M)",
        ],
        "minorStars": [
          "Hữu Bật(B)",
          "Tả Phù(B)",
          "Văn Khúc(M)",
          "Văn Xương(M)",
        ],
        "name": "Huynh Đệ",
      },
    ],
    "sign": "Cung Thiên Yết",
    "solarDate": "2005-11-11",
    "soul": "Lộc Tồn",
    "zodiac": "Gà",
  },
  {
    "body": "Hỏa Tinh",
    "chineseDate": "Mậu Tý - Giáp Tý - Bính Tuất - Kỷ Hợi",
    "date": "2008-12-12",
    "fiveElementsClass": "Kim Tứ Cục",
    "gender": "Nữ",
    "hour": 11,
    "palaces": [
      {
        "adjectiveStars": [
          "Cô Thần",
          "Tang Môn",
          "Thiên Vu",
          "Tiểu Hao",
          "Tuế Dịch",
        ],
        "earthlyBranch": "Dần",
        "heavenlyStem": "Giáp",
        "index": 0,
        "isBodyPalace": false,
        "majorStars": [
          "Tham Lang(B):hoa_loc",
        ],
        "minorStars": [
          "Thiên Mã(B)",
          "Tả Phù(B)",
        ],
        "name": "Phụ Mẫu",
      },
      {
        "adjectiveStars": [
          "Hồng Loan",
          "Quán Tác",
          "Thanh Long",
          "Thiên Phúc",
          "Thiên Quan",
          "Tức Thần",
        ],
        "earthlyBranch": "Mão",
        "heavenlyStem": "Ất",
        "index": 1,
        "isBodyPalace": false,
        "majorStars": [
          "Cự Môn(M)",
          "Thiên Cơ(V):hoa_ky",
        ],
        "minorStars": [
          "Văn Khúc(V)",
        ],
        "name": "Phúc Đức",
      },
      {
        "adjectiveStars": [
          "Hoa Cái",
          "Long Trì",
          "Lực Sỹ",
          "Quan Phù",
          "Tam Thai",
          "Thiên Quý",
        ],
        "earthlyBranch": "Thìn",
        "heavenlyStem": "Bính",
        "index": 2,
        "isBodyPalace": false,
        "majorStars": [
          "Thiên Tướng(D)",
          "Tử Vi(D)",
        ],
        "minorStars": [
          "Đà La(M)",
        ],
        "name": "Điền Trạch",
      },
      {
        "adjectiveStars": [
          "Bác Sỹ",
          "Kiếp Sát",
          "Nguyệt Đức",
          "Phá Toái",
          "Tiểu Hao",
          "Đài Phụ",
        ],
        "earthlyBranch": "Tỵ",
        "heavenlyStem": "Đinh",
        "index": 3,
        "isBodyPalace": false,
        "majorStars": [
          "Thiên Lương(B)",
        ],
        "minorStars": [
          "Lộc Tồn(B)",
        ],
        "name": "Quan Lộc",
      },
      {
        "adjectiveStars": [
          "Giải Thần",
          "Quan Phủ",
          "Tai Sát",
          "Thiên Hư",
          "Thiên Khốc",
          "Thiên Thương",
          "Thiên Trù",
          "Tuần Không",
          "Âm Sát",
          "Đại Hao",
        ],
        "earthlyBranch": "Ngọ",
        "heavenlyStem": "Mậu",
        "index": 4,
        "isBodyPalace": false,
        "majorStars": [
          "Thất Sát(V)",
        ],
        "minorStars": [
          "Kình Dương(B)",
        ],
        "name": "Nô Bộc",
      },
      {
        "adjectiveStars": [
          "Long Đức",
          "Phục Binh",
          "Thiên Hình",
          "Thiên Sát",
        ],
        "earthlyBranch": "Mùi",
        "heavenlyStem": "Kỷ",
        "index": 5,
        "isBodyPalace": false,
        "majorStars": [],
        "minorStars": [
          "Thiên Việt(B)",
        ],
        "name": "Thiên Di",
      },
      {
        "adjectiveStars": [
          "Bạch Hổ",
          "Chỉ Bối",
          "Phi Liêm",
          "Thiên Sứ",
          "Đại Hao",
        ],
        "earthlyBranch": "Thân",
        "heavenlyStem": "Canh",
        "index": 6,
        "isBodyPalace": false,
        "majorStars": [
          "Liêm Trinh(M)",
        ],
        "minorStars": [],
        "name": "Tật Ách",
      },
      {
        "adjectiveStars": [
          "Bệnh Phù",
          "Hàm Trì",
          "Thiên Hỷ",
          "Thiên Đức",
        ],
        "earthlyBranch": "Dậu",
        "heavenlyStem": "Tân",
        "index": 7,
        "isBodyPalace": false,
        "majorStars": [],
        "minorStars": [
          "Linh Tinh(D)",
        ],
        "name": "Tài Bạch",
      },
      {
        "adjectiveStars": [
          "Bát Tọa",
          "Hỷ Thần",
          "Nguyệt Sát",
          "Niên Giải",
          "Phụng Các",
          "Quả Tú",
          "Thiên Nguyệt",
          "Điếu Khách",
        ],
        "earthlyBranch": "Tuất",
        "heavenlyStem": "Nhâm",
        "index": 8,
        "isBodyPalace": false,
        "majorStars": [
          "Phá Quân(V)",
        ],
        "minorStars": [
          "Địa Kiếp(B)",
        ],
        "name": "Tử Nữ",
      },
      {
        "adjectiveStars": [
          "Bệnh Phù",
          "Phi Liêm",
          "Thiên Diêu",
          "Thiên Thọ",
          "Vong Thần",
        ],
        "earthlyBranch": "Hợi",
        "heavenlyStem": "Quý",
        "index": 9,
        "isBodyPalace": true,
        "majorStars": [
          "Thiên Đồng(M)",
        ],
        "minorStars": [
          "Văn Xương(B)",
        ],
        "name": "Phu Thê",
      },
      {
        "adjectiveStars": [
          "Triệt Lộ",
          "Tuế Kiện",
          "Tướng Tinh",
          "Tấu Thư",
          "Ân Quang",
        ],
        "earthlyBranch": "Tý",
        "heavenlyStem": "Giáp",
        "index": 10,
        "isBodyPalace": false,
        "majorStars": [
          "Thiên Phủ(M)",
          "Vũ Khúc(V)",
        ],
        "minorStars": [
          "Hữu Bật(B):hoa_khoa",
          "Địa Không(B)",
        ],
        "name": "Huynh Đệ",
      },
      {
        "adjectiveStars": [
          "Hối Khí",
          "Không Vong",
          "Phan Án",
          "Phong Cáo",
          "Thiên Không",
          "Thiên Tài",
          "Tướng Quân",
        ],
        "earthlyBranch": "Sửu",
        "heavenlyStem": "Ất",
        "index": 11,
        "isBodyPalace": false,
        "majorStars": [
          "Thái Dương(B)",
          "Thái Âm(M):hoa_quyen",
        ],
        "minorStars": [
          "Hỏa Tinh(D)",
          "Thiên Khôi(B)",
        ],
        "name": "Mệnh",
      },
    ],
    "sign": "Cung Xạ Thủ",
    "solarDate": "2008-12-12",
    "soul": "Cự Môn",
    "zodiac": "Chuột",
  },
  {
    "body": "Thiên Lương",
    "chineseDate": "Canh Dần - Kỷ Sửu - Mậu Thìn - Nhâm Tý",
    "date": "2011-01-13",
    "fiveElementsClass": "Hỏa Lục Cục",
    "gender": "Nam",
    "hour": 0,
    "palaces": [
      {
        "adjectiveStars": [
          "Bát Tọa",
          "Chỉ Bối",
          "Phi Liêm",
          "Phong Cáo",
          "Thiên Nguyệt",
          "Thiên Trù",
          "Tuế Kiện",
        ],
        "earthlyBranch": "Dần",
        "heavenlyStem": "Mậu",
        "index": 0,
        "isBodyPalace": false,
        "majorStars": [
          "Cự Môn(M)",
          "Thái Dương(V):hoa_loc",
        ],
        "minorStars": [],
        "name": "Phụ Mẫu",
      },
      {
        "adjectiveStars": [
          "Hàm Trì",
          "Hối Khí",
          "Hỷ Thần",
          "Thiên Không",
          "Thiên Thọ",
          "Thiên Tài",
        ],
        "earthlyBranch": "Mão",
        "heavenlyStem": "Kỷ",
        "index": 1,
        "isBodyPalace": false,
        "majorStars": [
          "Thiên Tướng(B)",
        ],
        "minorStars": [
          "Linh Tinh(B)",
          "Tả Phù(B)",
        ],
        "name": "Phúc Đức",
      },
      {
        "adjectiveStars": [
          "Bệnh Phù",
          "Nguyệt Sát",
          "Tang Môn",
          "Thiên Khốc",
          "Âm Sát",
        ],
        "earthlyBranch": "Thìn",
        "heavenlyStem": "Canh",
        "index": 2,
        "isBodyPalace": false,
        "majorStars": [
          "Thiên Cơ(B)",
          "Thiên Lương(M)",
        ],
        "minorStars": [
          "Văn Khúc(D)",
        ],
        "name": "Điền Trạch",
      },
      {
        "adjectiveStars": [
          "Cô Thần",
          "Quán Tác",
          "Vong Thần",
          "Đại Hao",
        ],
        "earthlyBranch": "Tỵ",
        "heavenlyStem": "Tân",
        "index": 3,
        "isBodyPalace": false,
        "majorStars": [
          "Thất Sát(B)",
          "Tử Vi(V)",
        ],
        "minorStars": [],
        "name": "Quan Lộc",
      },
      {
        "adjectiveStars": [
          "Giải Thần",
          "Long Trì",
          "Phục Binh",
          "Quan Phù",
          "Thiên Phúc",
          "Thiên Thương",
          "Triệt Lộ",
          "Tuần Không",
          "Tướng Tinh",
          "Ân Quang",
          "Đài Phụ",
        ],
        "earthlyBranch": "Ngọ",
        "heavenlyStem": "Nhâm",
        "index": 4,
        "isBodyPalace": false,
        "majorStars": [],
        "minorStars": [],
        "name": "Nô Bộc",
      },
      {
        "adjectiveStars": [
          "Không Vong",
          "Nguyệt Đức",
          "Phan Án",
          "Quan Phủ",
          "Thiên Hỷ",
          "Tiểu Hao",
        ],
        "earthlyBranch": "Mùi",
        "heavenlyStem": "Quý",
        "index": 5,
        "isBodyPalace": false,
        "majorStars": [],
        "minorStars": [
          "Thiên Việt(B)",
          "Đà La(M)",
        ],
        "name": "Thiên Di",
      },
      {
        "adjectiveStars": [
          "Bác Sỹ",
          "Niên Giải",
          "Phụng Các",
          "Thiên Hình",
          "Thiên Hư",
          "Thiên Sứ",
          "Tuế Dịch",
          "Đại Hao",
        ],
        "earthlyBranch": "Thân",
        "heavenlyStem": "Giáp",
        "index": 6,
        "isBodyPalace": false,
        "majorStars": [],
        "minorStars": [
          "Lộc Tồn(B)",
          "Thiên Mã(B)",
        ],
        "name": "Tật Ách",
      },
      {
        "adjectiveStars": [
          "Long Đức",
          "Lực Sỹ",
          "Phá Toái",
          "Tức Thần",
        ],
        "earthlyBranch": "Dậu",
        "heavenlyStem": "Ất",
        "index": 7,
        "isBodyPalace": false,
        "majorStars": [
          "Liêm Trinh(B)",
          "Phá Quân(B)",
        ],
        "minorStars": [
          "Kình Dương(B)",
        ],
        "name": "Tài Bạch",
      },
      {
        "adjectiveStars": [
          "Bạch Hổ",
          "Hoa Cái",
          "Phi Liêm",
          "Thanh Long",
        ],
        "earthlyBranch": "Tuất",
        "heavenlyStem": "Bính",
        "index": 8,
        "isBodyPalace": false,
        "majorStars": [],
        "minorStars": [
          "Văn Xương(B)",
        ],
        "name": "Tử Nữ",
      },
      {
        "adjectiveStars": [
          "Kiếp Sát",
          "Thiên Quan",
          "Thiên Vu",
          "Thiên Đức",
          "Tiểu Hao",
        ],
        "earthlyBranch": "Hợi",
        "heavenlyStem": "Đinh",
        "index": 9,
        "isBodyPalace": false,
        "majorStars": [
          "Thiên Phủ(D)",
        ],
        "minorStars": [
          "Hữu Bật(B)",
          "Địa Không(B)",
          "Địa Kiếp(B)",
        ],
        "name": "Phu Thê",
      },
      {
        "adjectiveStars": [
          "Tai Sát",
          "Tam Thai",
          "Thiên Diêu",
          "Thiên Quý",
          "Tướng Quân",
          "Điếu Khách",
        ],
        "earthlyBranch": "Tý",
        "heavenlyStem": "Mậu",
        "index": 10,
        "isBodyPalace": false,
        "majorStars": [
          "Thiên Đồng(V):hoa_ky",
          "Thái Âm(M):hoa_khoa",
        ],
        "minorStars": [],
        "name": "Huynh Đệ",
      },
      {
        "adjectiveStars": [
          "Bệnh Phù",
          "Hồng Loan",
          "Quả Tú",
          "Thiên Sát",
          "Tấu Thư",
        ],
        "earthlyBranch": "Sửu",
        "heavenlyStem": "Kỷ",
        "index": 11,
        "isBodyPalace": true,
        "majorStars": [
          "Tham Lang(M)",
          "Vũ Khúc(M):hoa_quyen",
        ],
        "minorStars": [
          "Hỏa Tinh(D)",
          "Thiên Khôi(B)",
        ],
        "name": "Mệnh",
      },
    ],
    "sign": "Cung Ma Kết",
    "solarDate": "2011-01-13",
    "soul": "Cự Môn",
    "zodiac": "Hổ",
  },
  {
    "body": "Hỏa Tinh",
    "chineseDate": "Giáp Ngọ - Bính Dần - Bính Thìn - Canh Dần",
    "date": "2014-02-14",
    "fiveElementsClass": "Thủy Nhị Cục",
    "gender": "Nữ",
    "hour": 2,
    "palaces": [
      {
        "adjectiveStars": [
          "Bác Sỹ",
          "Bạch Hổ",
          "Chỉ Bối",
          "Phi Liêm",
          "Âm Sát",
        ],
        "earthlyBranch": "Dần",
        "heavenlyStem": "Bính",
        "index": 0,
        "isBodyPalace": false,
        "majorStars": [
          "Thất Sát(M)",
        ],
        "minorStars": [
          "Lộc Tồn(B)",
        ],
        "name": "Phúc Đức",
      },
      {
        "adjectiveStars": [
          "Hàm Trì",
          "Quan Phủ",
          "Thiên Hỷ",
          "Thiên Đức",
        ],
        "earthlyBranch": "Mão",
        "heavenlyStem": "Đinh",
        "index": 1,
        "isBodyPalace": false,
        "majorStars": [
          "Thiên Đồng(B)",
        ],
        "minorStars": [
          "Hỏa Tinh(B)",
          "Kình Dương(B)",
        ],
        "name": "Điền Trạch",
      },
      {
        "adjectiveStars": [
          "Nguyệt Sát",
          "Niên Giải",
          "Phong Cáo",
          "Phục Binh",
          "Phụng Các",
          "Quả Tú",
          "Tuần Không",
          "Điếu Khách",
        ],
        "earthlyBranch": "Thìn",
        "heavenlyStem": "Mậu",
        "index": 2,
        "isBodyPalace": true,
        "majorStars": [
          "Vũ Khúc(M):hoa_khoa",
        ],
        "minorStars": [
          "Tả Phù(B)",
        ],
        "name": "Quan Lộc",
      },
      {
        "adjectiveStars": [
          "Bệnh Phù",
          "Phá Toái",
          "Thiên Thương",
          "Thiên Trù",
          "Thiên Vu",
          "Vong Thần",
          "Đại Hao",
        ],
        "earthlyBranch": "Tỵ",
        "heavenlyStem": "Kỷ",
        "index": 3,
        "isBodyPalace": false,
        "majorStars": [
          "Thái Dương(V):hoa_ky",
        ],
        "minorStars": [
          "Linh Tinh(D)",
        ],
        "name": "Nô Bộc",
      },
      {
        "adjectiveStars": [
          "Bệnh Phù",
          "Tam Thai",
          "Thiên Tài",
          "Tuế Kiện",
          "Tướng Tinh",
        ],
        "earthlyBranch": "Ngọ",
        "heavenlyStem": "Canh",
        "index": 4,
        "isBodyPalace": false,
        "majorStars": [
          "Phá Quân(M):hoa_quyen",
        ],
        "minorStars": [
          "Văn Khúc(B)",
        ],
        "name": "Thiên Di",
      },
      {
        "adjectiveStars": [
          "Hối Khí",
          "Hỷ Thần",
          "Phan Án",
          "Thiên Không",
          "Thiên Quan",
          "Thiên Quý",
          "Thiên Sứ",
        ],
        "earthlyBranch": "Mùi",
        "heavenlyStem": "Tân",
        "index": 5,
        "isBodyPalace": false,
        "majorStars": [
          "Thiên Cơ(B)",
        ],
        "minorStars": [
          "Thiên Việt(B)",
        ],
        "name": "Tật Ách",
      },
      {
        "adjectiveStars": [
          "Bát Tọa",
          "Cô Thần",
          "Giải Thần",
          "Phi Liêm",
          "Tang Môn",
          "Triệt Lộ",
          "Tuế Dịch",
          "Đài Phụ",
        ],
        "earthlyBranch": "Thân",
        "heavenlyStem": "Nhâm",
        "index": 6,
        "isBodyPalace": false,
        "majorStars": [
          "Thiên Phủ(D)",
          "Tử Vi(V)",
        ],
        "minorStars": [
          "Thiên Mã(B)",
          "Văn Xương(D)",
        ],
        "name": "Tài Bạch",
      },
      {
        "adjectiveStars": [
          "Hồng Loan",
          "Không Vong",
          "Quán Tác",
          "Thiên Hình",
          "Thiên Phúc",
          "Tấu Thư",
          "Tức Thần",
          "Ân Quang",
        ],
        "earthlyBranch": "Dậu",
        "heavenlyStem": "Quý",
        "index": 7,
        "isBodyPalace": false,
        "majorStars": [
          "Thái Âm(B)",
        ],
        "minorStars": [
          "Địa Không(B)",
        ],
        "name": "Tử Nữ",
      },
      {
        "adjectiveStars": [
          "Hoa Cái",
          "Long Trì",
          "Quan Phù",
          "Thiên Nguyệt",
          "Thiên Thọ",
          "Tướng Quân",
        ],
        "earthlyBranch": "Tuất",
        "heavenlyStem": "Giáp",
        "index": 8,
        "isBodyPalace": false,
        "majorStars": [
          "Tham Lang(M)",
        ],
        "minorStars": [
          "Hữu Bật(B)",
        ],
        "name": "Phu Thê",
      },
      {
        "adjectiveStars": [
          "Kiếp Sát",
          "Nguyệt Đức",
          "Tiểu Hao",
        ],
        "earthlyBranch": "Hợi",
        "heavenlyStem": "Ất",
        "index": 9,
        "isBodyPalace": false,
        "majorStars": [
          "Cự Môn(V)",
        ],
        "minorStars": [],
        "name": "Huynh Đệ",
      },
      {
        "adjectiveStars": [
          "Tai Sát",
          "Thanh Long",
          "Thiên Hư",
          "Thiên Khốc",
          "Đại Hao",
        ],
        "earthlyBranch": "Tý",
        "heavenlyStem": "Bính",
        "index": 10,
        "isBodyPalace": false,
        "majorStars": [
          "Liêm Trinh(B):hoa_loc",
          "Thiên Tướng(M)",
        ],
        "minorStars": [],
        "name": "Mệnh",
      },
      {
        "adjectiveStars": [
          "Long Đức",
          "Lực Sỹ",
          "Thiên Diêu",
          "Thiên Sát",
        ],
        "earthlyBranch": "Sửu",
        "heavenlyStem": "Đinh",
        "index": 11,
        "isBodyPalace": false,
        "majorStars": [
          "Thiên Lương(V)",
        ],
        "minorStars": [
          "Thiên Khôi(B)",
          "Đà La(M)",
          "Địa Kiếp(B)",
        ],
        "name": "Phụ Mẫu",
      },
    ],
    "sign": "Cung Thủy Bình",
    "solarDate": "2014-02-14",
    "soul": "Tham Lang",
    "zodiac": "Ngựa",
  },
  {
    "body": "Thiên Đồng",
    "chineseDate": "Đinh Dậu - Quý Mão - Tân Sửu - Nhâm Thìn",
    "date": "2017-03-15",
    "fiveElementsClass": "Kim Tứ Cục",
    "gender": "Nam",
    "hour": 4,
    "palaces": [
      {
        "adjectiveStars": [
          "Kiếp Sát",
          "Nguyệt Đức",
          "Thiên Diêu",
          "Thiên Quan",
          "Tiểu Hao",
          "Triệt Lộ",
          "Tướng Quân",
        ],
        "earthlyBranch": "Dần",
        "heavenlyStem": "Nhâm",
        "index": 0,
        "isBodyPalace": false,
        "majorStars": [
          "Thất Sát(M)",
        ],
        "minorStars": [
          "Linh Tinh(M)",
        ],
        "name": "Điền Trạch",
      },
      {
        "adjectiveStars": [
          "Không Vong",
          "Tai Sát",
          "Thiên Hư",
          "Tiểu Hao",
          "Đại Hao",
        ],
        "earthlyBranch": "Mão",
        "heavenlyStem": "Quý",
        "index": 1,
        "isBodyPalace": false,
        "majorStars": [
          "Thiên Đồng(B):hoa_quyen",
        ],
        "minorStars": [
          "Địa Kiếp(B)",
        ],
        "name": "Quan Lộc",
      },
      {
        "adjectiveStars": [
          "Bát Tọa",
          "Long Đức",
          "Thanh Long",
          "Thiên Sát",
          "Thiên Thương",
          "Thiên Thọ",
        ],
        "earthlyBranch": "Thìn",
        "heavenlyStem": "Giáp",
        "index": 2,
        "isBodyPalace": false,
        "majorStars": [
          "Vũ Khúc(M)",
        ],
        "minorStars": [],
        "name": "Nô Bộc",
      },
      {
        "adjectiveStars": [
          "Bạch Hổ",
          "Chỉ Bối",
          "Lực Sỹ",
          "Phá Toái",
          "Thiên Nguyệt",
          "Thiên Trù",
          "Tuần Không",
        ],
        "earthlyBranch": "Tỵ",
        "heavenlyStem": "Ất",
        "index": 3,
        "isBodyPalace": false,
        "majorStars": [
          "Thái Dương(V)",
        ],
        "minorStars": [
          "Tả Phù(B)",
          "Đà La(B)",
        ],
        "name": "Thiên Di",
      },
      {
        "adjectiveStars": [
          "Bác Sỹ",
          "Hàm Trì",
          "Hồng Loan",
          "Phong Cáo",
          "Thiên Sứ",
          "Thiên Đức",
        ],
        "earthlyBranch": "Ngọ",
        "heavenlyStem": "Bính",
        "index": 4,
        "isBodyPalace": false,
        "majorStars": [
          "Phá Quân(M)",
        ],
        "minorStars": [
          "Lộc Tồn(B)",
          "Văn Xương(B)",
        ],
        "name": "Tật Ách",
      },
      {
        "adjectiveStars": [
          "Nguyệt Sát",
          "Quan Phủ",
          "Quả Tú",
          "Điếu Khách",
        ],
        "earthlyBranch": "Mùi",
        "heavenlyStem": "Đinh",
        "index": 5,
        "isBodyPalace": true,
        "majorStars": [
          "Thiên Cơ(B):hoa_khoa",
        ],
        "minorStars": [
          "Hỏa Tinh(B)",
          "Kình Dương(M)",
          "Địa Không(B)",
        ],
        "name": "Tài Bạch",
      },
      {
        "adjectiveStars": [
          "Bệnh Phù",
          "Giải Thần",
          "Phục Binh",
          "Thiên Tài",
          "Thiên Vu",
          "Vong Thần",
        ],
        "earthlyBranch": "Thân",
        "heavenlyStem": "Mậu",
        "index": 6,
        "isBodyPalace": false,
        "majorStars": [
          "Thiên Phủ(D)",
          "Tử Vi(V)",
        ],
        "minorStars": [
          "Văn Khúc(D)",
        ],
        "name": "Tử Nữ",
      },
      {
        "adjectiveStars": [
          "Thiên Khốc",
          "Tuế Kiện",
          "Tướng Tinh",
          "Đại Hao",
        ],
        "earthlyBranch": "Dậu",
        "heavenlyStem": "Kỷ",
        "index": 7,
        "isBodyPalace": false,
        "majorStars": [
          "Thái Âm(B):hoa_loc",
        ],
        "minorStars": [
          "Hữu Bật(B)",
          "Thiên Việt(B)",
        ],
        "name": "Phu Thê",
      },
      {
        "adjectiveStars": [
          "Bệnh Phù",
          "Hối Khí",
          "Phan Án",
          "Tam Thai",
          "Thiên Hình",
          "Thiên Không",
          "Ân Quang",
          "Đài Phụ",
        ],
        "earthlyBranch": "Tuất",
        "heavenlyStem": "Canh",
        "index": 8,
        "isBodyPalace": false,
        "majorStars": [
          "Tham Lang(M)",
        ],
        "minorStars": [],
        "name": "Huynh Đệ",
      },
      {
        "adjectiveStars": [
          "Cô Thần",
          "Hỷ Thần",
          "Phi Liêm",
          "Tang Môn",
          "Thiên Phúc",
          "Tuế Dịch",
        ],
        "earthlyBranch": "Hợi",
        "heavenlyStem": "Tân",
        "index": 9,
        "isBodyPalace": false,
        "majorStars": [
          "Cự Môn(V):hoa_ky",
        ],
        "minorStars": [
          "Thiên Khôi(B)",
          "Thiên Mã(B)",
        ],
        "name": "Mệnh",
      },
      {
        "adjectiveStars": [
          "Phi Liêm",
          "Quán Tác",
          "Thiên Hỷ",
          "Thiên Quý",
          "Tức Thần",
          "Âm Sát",
        ],
        "earthlyBranch": "Tý",
        "heavenlyStem": "Nhâm",
        "index": 10,
        "isBodyPalace": false,
        "majorStars": [
          "Liêm Trinh(B)",
          "Thiên Tướng(M)",
        ],
        "minorStars": [],
        "name": "Phụ Mẫu",
      },
      {
        "adjectiveStars": [
          "Hoa Cái",
          "Long Trì",
          "Niên Giải",
          "Phụng Các",
          "Quan Phù",
          "Tấu Thư",
        ],
        "earthlyBranch": "Sửu",
        "heavenlyStem": "Quý",
        "index": 11,
        "isBodyPalace": false,
        "majorStars": [
          "Thiên Lương(V)",
        ],
        "minorStars": [],
        "name": "Phúc Đức",
      },
    ],
    "sign": "Cung Song Ngư",
    "solarDate": "2017-03-15",
    "soul": "Cự Môn",
    "zodiac": "Gà",
  },
  {
    "body": "Hỏa Tinh",
    "chineseDate": "Canh Tý - Canh Thìn - Kỷ Sửu - Canh Ngọ",
    "date": "2020-04-16",
    "fiveElementsClass": "Thổ Ngũ Cục",
    "gender": "Nữ",
    "hour": 6,
    "palaces": [
      {
        "adjectiveStars": [
          "Cô Thần",
          "Phi Liêm",
          "Tang Môn",
          "Thiên Trù",
          "Thiên Vu",
          "Tuế Dịch",
          "Ân Quang",
        ],
        "earthlyBranch": "Dần",
        "heavenlyStem": "Mậu",
        "index": 0,
        "isBodyPalace": false,
        "majorStars": [
          "Cự Môn(M)",
          "Thái Dương(V):hoa_loc",
        ],
        "minorStars": [
          "Thiên Mã(B)",
        ],
        "name": "Quan Lộc",
      },
      {
        "adjectiveStars": [
          "Hồng Loan",
          "Quán Tác",
          "Thiên Diêu",
          "Thiên Thương",
          "Tấu Thư",
          "Tức Thần",
        ],
        "earthlyBranch": "Mão",
        "heavenlyStem": "Kỷ",
        "index": 1,
        "isBodyPalace": false,
        "majorStars": [
          "Thiên Tướng(B)",
        ],
        "minorStars": [],
        "name": "Nô Bộc",
      },
      {
        "adjectiveStars": [
          "Hoa Cái",
          "Long Trì",
          "Quan Phù",
          "Thiên Nguyệt",
          "Tuần Không",
          "Tướng Quân",
        ],
        "earthlyBranch": "Thìn",
        "heavenlyStem": "Canh",
        "index": 2,
        "isBodyPalace": false,
        "majorStars": [
          "Thiên Cơ(B)",
          "Thiên Lương(M)",
        ],
        "minorStars": [
          "Linh Tinh(B)",
          "Văn Xương(D)",
        ],
        "name": "Thiên Di",
      },
      {
        "adjectiveStars": [
          "Kiếp Sát",
          "Nguyệt Đức",
          "Phá Toái",
          "Tam Thai",
          "Thiên Sứ",
          "Tiểu Hao",
        ],
        "earthlyBranch": "Tỵ",
        "heavenlyStem": "Tân",
        "index": 3,
        "isBodyPalace": false,
        "majorStars": [
          "Thất Sát(B)",
          "Tử Vi(V)",
        ],
        "minorStars": [
          "Địa Không(B)",
          "Địa Kiếp(B)",
        ],
        "name": "Tật Ách",
      },
      {
        "adjectiveStars": [
          "Tai Sát",
          "Thanh Long",
          "Thiên Hư",
          "Thiên Khốc",
          "Thiên Phúc",
          "Triệt Lộ",
          "Đại Hao",
        ],
        "earthlyBranch": "Ngọ",
        "heavenlyStem": "Nhâm",
        "index": 4,
        "isBodyPalace": false,
        "majorStars": [],
        "minorStars": [
          "Tả Phù(B)",
        ],
        "name": "Tài Bạch",
      },
      {
        "adjectiveStars": [
          "Không Vong",
          "Long Đức",
          "Lực Sỹ",
          "Thiên Sát",
        ],
        "earthlyBranch": "Mùi",
        "heavenlyStem": "Quý",
        "index": 5,
        "isBodyPalace": false,
        "majorStars": [],
        "minorStars": [
          "Thiên Việt(B)",
          "Đà La(M)",
        ],
        "name": "Tử Nữ",
      },
      {
        "adjectiveStars": [
          "Bác Sỹ",
          "Bạch Hổ",
          "Chỉ Bối",
          "Phi Liêm",
          "Phong Cáo",
          "Thiên Quý",
        ],
        "earthlyBranch": "Thân",
        "heavenlyStem": "Giáp",
        "index": 6,
        "isBodyPalace": false,
        "majorStars": [],
        "minorStars": [
          "Hỏa Tinh(B)",
          "Hữu Bật(B)",
          "Lộc Tồn(B)",
        ],
        "name": "Phu Thê",
      },
      {
        "adjectiveStars": [
          "Bát Tọa",
          "Hàm Trì",
          "Quan Phủ",
          "Thiên Hỷ",
          "Thiên Đức",
        ],
        "earthlyBranch": "Dậu",
        "heavenlyStem": "Ất",
        "index": 7,
        "isBodyPalace": false,
        "majorStars": [
          "Liêm Trinh(B)",
          "Phá Quân(B)",
        ],
        "minorStars": [
          "Kình Dương(B)",
        ],
        "name": "Huynh Đệ",
      },
      {
        "adjectiveStars": [
          "Giải Thần",
          "Nguyệt Sát",
          "Niên Giải",
          "Phục Binh",
          "Phụng Các",
          "Quả Tú",
          "Thiên Thọ",
          "Thiên Tài",
          "Âm Sát",
          "Điếu Khách",
        ],
        "earthlyBranch": "Tuất",
        "heavenlyStem": "Bính",
        "index": 8,
        "isBodyPalace": true,
        "majorStars": [],
        "minorStars": [
          "Văn Khúc(B)",
        ],
        "name": "Mệnh",
      },
      {
        "adjectiveStars": [
          "Bệnh Phù",
          "Thiên Hình",
          "Thiên Quan",
          "Vong Thần",
          "Đại Hao",
        ],
        "earthlyBranch": "Hợi",
        "heavenlyStem": "Đinh",
        "index": 9,
        "isBodyPalace": false,
        "majorStars": [
          "Thiên Phủ(D)",
        ],
        "minorStars": [],
        "name": "Phụ Mẫu",
      },
      {
        "adjectiveStars": [
          "Bệnh Phù",
          "Tuế Kiện",
          "Tướng Tinh",
          "Đài Phụ",
        ],
        "earthlyBranch": "Tý",
        "heavenlyStem": "Mậu",
        "index": 10,
        "isBodyPalace": false,
        "majorStars": [
          "Thiên Đồng(V):hoa_ky",
          "Thái Âm(M):hoa_khoa",
        ],
        "minorStars": [],
        "name": "Phúc Đức",
      },
      {
        "adjectiveStars": [
          "Hối Khí",
          "Hỷ Thần",
          "Phan Án",
          "Thiên Không",
        ],
        "earthlyBranch": "Sửu",
        "heavenlyStem": "Kỷ",
        "index": 11,
        "isBodyPalace": false,
        "majorStars": [
          "Tham Lang(M)",
          "Vũ Khúc(M):hoa_quyen",
        ],
        "minorStars": [
          "Thiên Khôi(B)",
        ],
        "name": "Điền Trạch",
      },
    ],
    "sign": "Cung Bạch Dương",
    "solarDate": "2020-04-16",
    "soul": "Lộc Tồn",
    "zodiac": "Chuột",
  },
]
`;
